Component: Arm Compiler for Embedded 6.19 Tool: armlink [5e73cb00]

==============================================================================

Section Cross References

    main.o(.text.main) refers to main.o(.bss.count) for count
    main.o(.ARM.exidx.text.main) refers to main.o(.text.main) for [Anonymous Symbol]
    main.o(.ARM.exidx.text.GPIO_configure) refers to main.o(.text.GPIO_configure) for [Anonymous Symbol]
    startup.o(.text.init_data_bss) refers to startup_s32k144.o(.text) for __VECTOR_ROM
    startup.o(.ARM.exidx.text.init_data_bss) refers to startup.o(.text.init_data_bss) for [Anonymous Symbol]
    clock_s32k1xx.o(.text.CLOCK_DRV_Init) refers to clock_s32k1xx.o(.data.CLOCK_SYS_GetDefaultConfiguration.peripheralClockConfig) for CLOCK_SYS_GetDefaultConfiguration.peripheralClockConfig
    clock_s32k1xx.o(.text.CLOCK_DRV_Init) refers to clock_s32k1xx.o(.text.CLOCK_SYS_SetSystemClockConfig) for CLOCK_SYS_SetSystemClockConfig
    clock_s32k1xx.o(.text.CLOCK_DRV_Init) refers to clock_s32k1xx.o(.text.CLOCK_SYS_ConfigureSIRC) for CLOCK_SYS_ConfigureSIRC
    clock_s32k1xx.o(.text.CLOCK_DRV_Init) refers to clock_s32k1xx.o(.text.CLOCK_SYS_ConfigureSOSC) for CLOCK_SYS_ConfigureSOSC
    clock_s32k1xx.o(.text.CLOCK_DRV_Init) refers to clock_s32k1xx.o(.text.CLOCK_SYS_ConfigureSPLL) for CLOCK_SYS_ConfigureSPLL
    clock_s32k1xx.o(.text.CLOCK_DRV_Init) refers to clock_s32k1xx.o(.bss.g_TClkFreq) for g_TClkFreq
    clock_s32k1xx.o(.text.CLOCK_DRV_Init) refers to clock_s32k1xx.o(.rodata.clockNameMappings) for clockNameMappings
    clock_s32k1xx.o(.text.CLOCK_DRV_Init) refers to clock_s32k1xx.o(.bss.g_RtcClkInFreq) for g_RtcClkInFreq
    clock_s32k1xx.o(.ARM.exidx.text.CLOCK_DRV_Init) refers to clock_s32k1xx.o(.text.CLOCK_DRV_Init) for [Anonymous Symbol]
    clock_s32k1xx.o(.text.CLOCK_DRV_GetFreq) refers to clock_s32k1xx.o(.text.CLOCK_SYS_GetSystemClockFreq) for CLOCK_SYS_GetSystemClockFreq
    clock_s32k1xx.o(.text.CLOCK_DRV_GetFreq) refers to clock_s32k1xx.o(.rodata.peripheralFeaturesList) for peripheralFeaturesList
    clock_s32k1xx.o(.text.CLOCK_DRV_GetFreq) refers to clock_s32k1xx.o(.text.CLOCK_SYS_GetSimClkOutFreq) for CLOCK_SYS_GetSimClkOutFreq
    clock_s32k1xx.o(.text.CLOCK_DRV_GetFreq) refers to clock_s32k1xx.o(.bss.g_xtal0ClkFreq) for g_xtal0ClkFreq
    clock_s32k1xx.o(.text.CLOCK_DRV_GetFreq) refers to clock_s32k1xx.o(.bss.g_RtcClkInFreq) for g_RtcClkInFreq
    clock_s32k1xx.o(.text.CLOCK_DRV_GetFreq) refers to clock_s32k1xx.o(.text.CLOCK_SYS_GetScgClkOutFreq) for CLOCK_SYS_GetScgClkOutFreq
    clock_s32k1xx.o(.text.CLOCK_DRV_GetFreq) refers to clock_s32k1xx.o(.bss.g_TClkFreq) for g_TClkFreq
    clock_s32k1xx.o(.text.CLOCK_DRV_GetFreq) refers to clock_s32k1xx.o(.rodata.clockNameMappings) for clockNameMappings
    clock_s32k1xx.o(.text.CLOCK_DRV_GetFreq) refers to clock_s32k1xx.o(.text.CLOCK_SYS_GetPeripheralClock) for CLOCK_SYS_GetPeripheralClock
    clock_s32k1xx.o(.ARM.exidx.text.CLOCK_DRV_GetFreq) refers to clock_s32k1xx.o(.text.CLOCK_DRV_GetFreq) for [Anonymous Symbol]
    clock_s32k1xx.o(.text.CLOCK_DRV_SetModuleClock) refers to clock_s32k1xx.o(.bss.g_xtal0ClkFreq) for g_xtal0ClkFreq
    clock_s32k1xx.o(.text.CLOCK_DRV_SetModuleClock) refers to clock_s32k1xx.o(.rodata.peripheralFeaturesList) for peripheralFeaturesList
    clock_s32k1xx.o(.text.CLOCK_DRV_SetModuleClock) refers to clock_s32k1xx.o(.rodata.clockNameMappings) for clockNameMappings
    clock_s32k1xx.o(.ARM.exidx.text.CLOCK_DRV_SetModuleClock) refers to clock_s32k1xx.o(.text.CLOCK_DRV_SetModuleClock) for [Anonymous Symbol]
    clock_s32k1xx.o(.text.CLOCK_DRV_SetSystemClock) refers to clock_s32k1xx.o(.rodata.CLOCK_DRV_SetSystemClock.sysClkDivMappings) for CLOCK_DRV_SetSystemClock.sysClkDivMappings
    clock_s32k1xx.o(.text.CLOCK_DRV_SetSystemClock) refers to clock_s32k1xx.o(.bss.g_xtal0ClkFreq) for g_xtal0ClkFreq
    clock_s32k1xx.o(.text.CLOCK_DRV_SetSystemClock) refers to clock_s32k1xx.o(.text.CLOCK_SYS_SetSystemClockConfig) for CLOCK_SYS_SetSystemClockConfig
    clock_s32k1xx.o(.ARM.exidx.text.CLOCK_DRV_SetSystemClock) refers to clock_s32k1xx.o(.text.CLOCK_DRV_SetSystemClock) for [Anonymous Symbol]
    clock_s32k1xx.o(.text.CLOCK_SYS_SetSystemClockConfig) refers to clock_s32k1xx.o(.bss.g_xtal0ClkFreq) for g_xtal0ClkFreq
    clock_s32k1xx.o(.text.CLOCK_SYS_SetSystemClockConfig) refers to clock_s32k1xx.o(.rodata.CLOCK_SYS_SetSystemClockConfig.maxSysClksInRUN) for CLOCK_SYS_SetSystemClockConfig.maxSysClksInRUN
    clock_s32k1xx.o(.text.CLOCK_SYS_SetSystemClockConfig) refers to clock_s32k1xx.o(.rodata.CLOCK_SYS_SetSystemClockConfig.maxSysClksInHSRUN) for CLOCK_SYS_SetSystemClockConfig.maxSysClksInHSRUN
    clock_s32k1xx.o(.text.CLOCK_SYS_SetSystemClockConfig) refers to clock_s32k1xx.o(.rodata.CLOCK_SYS_SetSystemClockConfig.maxSysClksInVLPR) for CLOCK_SYS_SetSystemClockConfig.maxSysClksInVLPR
[...]
    clock_s32k1xx.o(.text.CLOCK_SYS_Init) refers to clock_s32k1xx.o(.bss.g_clockState.4) for g_clockState.4
    clock_s32k1xx.o(.text.CLOCK_SYS_Init) refers to clock_s32k1xx.o(.bss.g_clockState.5) for g_clockState.5
    clock_s32k1xx.o(.ARM.exidx.text.CLOCK_SYS_Init) refers to clock_s32k1xx.o(.text.CLOCK_SYS_Init) for [Anonymous Symbol]
    clock_s32k1xx.o(.text.CLOCK_SYS_UpdateConfiguration) refers to interrupt_manager.o(.text.INT_SYS_DisableIRQGlobal) for INT_SYS_DisableIRQGlobal
    clock_s32k1xx.o(.text.CLOCK_SYS_UpdateConfiguration) refers to clock_s32k1xx.o(.bss.g_clockState.4) for g_clockState.4
    clock_s32k1xx.o(.text.CLOCK_SYS_UpdateConfiguration) refers to clock_s32k1xx.o(.bss.g_clockState.5) for g_clockState.5
    clock_s32k1xx.o(.text.CLOCK_SYS_UpdateConfiguration) refers to clock_s32k1xx.o(.bss.g_clockState.3) for g_clockState.3
    clock_s32k1xx.o(.text.CLOCK_SYS_UpdateConfiguration) refers to clock_s32k1xx.o(.bss.g_clockState.0) for g_clockState.0
    clock_s32k1xx.o(.text.CLOCK_SYS_UpdateConfiguration) refers to clock_s32k1xx.o(.text.CLOCK_DRV_Init) for CLOCK_DRV_Init
    clock_s32k1xx.o(.text.CLOCK_SYS_UpdateConfiguration) refers to clock_s32k1xx.o(.bss.g_clockState.2) for g_clockState.2
    clock_s32k1xx.o(.text.CLOCK_SYS_UpdateConfiguration) refers to interrupt_manager.o(.text.INT_SYS_EnableIRQGlobal) for INT_SYS_EnableIRQGlobal
    clock_s32k1xx.o(.ARM.exidx.text.CLOCK_SYS_UpdateConfiguration) refers to clock_s32k1xx.o(.text.CLOCK_SYS_UpdateConfiguration) for [Anonymous Symbol]
    clock_s32k1xx.o(.text.CLOCK_SYS_SetConfiguration) refers to clock_s32k1xx.o(.text.CLOCK_DRV_Init) for CLOCK_DRV_Init
    clock_s32k1xx.o(.ARM.exidx.text.CLOCK_SYS_SetConfiguration) refers to clock_s32k1xx.o(.text.CLOCK_SYS_SetConfiguration) for [Anonymous Symbol]
    clock_s32k1xx.o(.text.CLOCK_SYS_GetCurrentConfiguration) refers to clock_s32k1xx.o(.bss.g_clockState.2) for g_clockState.2
    clock_s32k1xx.o(.ARM.exidx.text.CLOCK_SYS_GetCurrentConfiguration) refers to clock_s32k1xx.o(.text.CLOCK_SYS_GetCurrentConfiguration) for [Anonymous Symbol]
    clock_s32k1xx.o(.text.CLOCK_SYS_GetErrorCallback) refers to clock_s32k1xx.o(.bss.g_clockState.5) for g_clockState.5
    clock_s32k1xx.o(.text.CLOCK_SYS_GetErrorCallback) refers to clock_s32k1xx.o(.bss.g_clockState.1) for g_clockState.1
    clock_s32k1xx.o(.text.CLOCK_SYS_GetErrorCallback) refers to clock_s32k1xx.o(.bss.g_clockState.3) for g_clockState.3
    clock_s32k1xx.o(.ARM.exidx.text.CLOCK_SYS_GetErrorCallback) refers to clock_s32k1xx.o(.text.CLOCK_SYS_GetErrorCallback) for [Anonymous Symbol]
    clock_s32k1xx.o(.text.CLOCK_SYS_GetFreq) refers to clock_s32k1xx.o(.text.CLOCK_DRV_GetFreq) for CLOCK_DRV_GetFreq
    clock_s32k1xx.o(.ARM.exidx.text.CLOCK_SYS_GetFreq) refers to clock_s32k1xx.o(.text.CLOCK_SYS_GetFreq) for [Anonymous Symbol]
    clock_s32k1xx.o(.ARM.exidx.text.CLOCK_SYS_ConfigureSIRC) refers to clock_s32k1xx.o(.text.CLOCK_SYS_ConfigureSIRC) for [Anonymous Symbol]
    clock_s32k1xx.o(.text.CLOCK_SYS_ConfigureSOSC) refers to clock_s32k1xx.o(.bss.g_xtal0ClkFreq) for g_xtal0ClkFreq
    clock_s32k1xx.o(.ARM.exidx.text.CLOCK_SYS_ConfigureSOSC) refers to clock_s32k1xx.o(.text.CLOCK_SYS_ConfigureSOSC) for [Anonymous Symbol]
    clock_s32k1xx.o(.text.CLOCK_SYS_ConfigureSPLL) refers to clock_s32k1xx.o(.bss.g_xtal0ClkFreq) for g_xtal0ClkFreq
    clock_s32k1xx.o(.ARM.exidx.text.CLOCK_SYS_ConfigureSPLL) refers to clock_s32k1xx.o(.text.CLOCK_SYS_ConfigureSPLL) for [Anonymous Symbol]
    clock_s32k1xx.o(.text.CLOCK_SYS_GetSystemClockFreq) refers to clock_s32k1xx.o(.bss.g_xtal0ClkFreq) for g_xtal0ClkFreq
    clock_s32k1xx.o(.ARM.exidx.text.CLOCK_SYS_GetSystemClockFreq) refers to clock_s32k1xx.o(.text.CLOCK_SYS_GetSystemClockFreq) for [Anonymous Symbol]
    clock_s32k1xx.o(.text.CLOCK_SYS_GetSimClkOutFreq) refers to clock_s32k1xx.o(.text.CLOCK_SYS_GetScgClkOutFreq) for CLOCK_SYS_GetScgClkOutFreq
    clock_s32k1xx.o(.text.CLOCK_SYS_GetSimClkOutFreq) refers to clock_s32k1xx.o(.bss.g_xtal0ClkFreq) for g_xtal0ClkFreq
    clock_s32k1xx.o(.text.CLOCK_SYS_GetSimClkOutFreq) refers to clock_s32k1xx.o(.text.CLOCK_SYS_GetSystemClockFreq) for CLOCK_SYS_GetSystemClockFreq
    clock_s32k1xx.o(.text.CLOCK_SYS_GetSimClkOutFreq) refers to clock_s32k1xx.o(.bss.g_RtcClkInFreq) for g_RtcClkInFreq
    clock_s32k1xx.o(.ARM.exidx.text.CLOCK_SYS_GetSimClkOutFreq) refers to clock_s32k1xx.o(.text.CLOCK_SYS_GetSimClkOutFreq) for [Anonymous Symbol]
    clock_s32k1xx.o(.text.CLOCK_SYS_GetScgClkOutFreq) refers to clock_s32k1xx.o(.text.CLOCK_SYS_GetSystemClockFreq) for CLOCK_SYS_GetSystemClockFreq
    clock_s32k1xx.o(.text.CLOCK_SYS_GetScgClkOutFreq) refers to clock_s32k1xx.o(.bss.g_xtal0ClkFreq) for g_xtal0ClkFreq
    clock_s32k1xx.o(.ARM.exidx.text.CLOCK_SYS_GetScgClkOutFreq) refers to clock_s32k1xx.o(.text.CLOCK_SYS_GetScgClkOutFreq) for [Anonymous Symbol]
    clock_s32k1xx.o(.text.CLOCK_SYS_GetPeripheralClock) refers to clock_s32k1xx.o(.rodata.clockNameMappings) for clockNameMappings
    clock_s32k1xx.o(.text.CLOCK_SYS_GetPeripheralClock) refers to clock_s32k1xx.o(.bss.g_xtal0ClkFreq) for g_xtal0ClkFreq
    clock_s32k1xx.o(.text.CLOCK_SYS_GetPeripheralClock) refers to clock_s32k1xx.o(.bss.g_TClkFreq) for g_TClkFreq
    clock_s32k1xx.o(.ARM.exidx.text.CLOCK_SYS_GetPeripheralClock) refers to clock_s32k1xx.o(.text.CLOCK_SYS_GetPeripheralClock) for [Anonymous Symbol]
    clock_s32k1xx.o(.text.CLOCK_SYS_TransitionToTmpSysClk) refers to clock_s32k1xx.o(.bss.g_xtal0ClkFreq) for g_xtal0ClkFreq
    clock_s32k1xx.o(.text.CLOCK_SYS_TransitionToTmpSysClk) refers to clock_s32k1xx.o(.text.CLOCK_SYS_SetSystemClockConfig) for CLOCK_SYS_SetSystemClockConfig
    clock_s32k1xx.o(.ARM.exidx.text.CLOCK_SYS_TransitionToTmpSysClk) refers to clock_s32k1xx.o(.text.CLOCK_SYS_TransitionToTmpSysClk) for [Anonymous Symbol]
    interrupt_manager.o(.text.INT_SYS_InstallHandler) refers to startup_s32k144.o(.text) for __VECTOR_RAM
    interrupt_manager.o(.text.INT_SYS_InstallHandler) refers to startup_s32k144.o(RESET) for __Vectors
    interrupt_manager.o(.ARM.exidx.text.INT_SYS_InstallHandler) refers to interrupt_manager.o(.text.INT_SYS_InstallHandler) for [Anonymous Symbol]
    interrupt_manager.o(.ARM.exidx.text.INT_SYS_EnableIRQ) refers to interrupt_manager.o(.text.INT_SYS_EnableIRQ) for [Anonymous Symbol]
    interrupt_manager.o(.ARM.exidx.text.INT_SYS_DisableIRQ) refers to interrupt_manager.o(.text.INT_SYS_DisableIRQ) for [Anonymous Symbol]
    interrupt_manager.o(.text.INT_SYS_EnableIRQGlobal) refers to interrupt_manager.o(.bss.g_interruptDisableCount) for g_interruptDisableCount
    interrupt_manager.o(.ARM.exidx.text.INT_SYS_EnableIRQGlobal) refers to interrupt_manager.o(.text.INT_SYS_EnableIRQGlobal) for [Anonymous Symbol]
    interrupt_manager.o(.text.INT_SYS_DisableIRQGlobal) refers to interrupt_manager.o(.bss.g_interruptDisableCount) for g_interruptDisableCount
    interrupt_manager.o(.ARM.exidx.text.INT_SYS_DisableIRQGlobal) refers to interrupt_manager.o(.text.INT_SYS_DisableIRQGlobal) for [Anonymous Symbol]
    interrupt_manager.o(.ARM.exidx.text.INT_SYS_SetPriority) refers to interrupt_manager.o(.text.INT_SYS_SetPriority) for [Anonymous Symbol]
    interrupt_manager.o(.ARM.exidx.text.INT_SYS_GetPriority) refers to interrupt_manager.o(.text.INT_SYS_GetPriority) for [Anonymous Symbol]
    interrupt_manager.o(.ARM.exidx.text.INT_SYS_ClearPending) refers to interrupt_manager.o(.text.INT_SYS_ClearPending) for [Anonymous Symbol]
    interrupt_manager.o(.ARM.exidx.text.INT_SYS_SetPending) refers to interrupt_manager.o(.text.INT_SYS_SetPending) for [Anonymous Symbol]
    interrupt_manager.o(.ARM.exidx.text.INT_SYS_GetPending) refers to interrupt_manager.o(.text.INT_SYS_GetPending) for [Anonymous Symbol]
    interrupt_manager.o(.ARM.exidx.text.INT_SYS_GetActive) refers to interrupt_manager.o(.text.INT_SYS_GetActive) for [Anonymous Symbol]
    pins_driver.o(.text.PINS_DRV_Init) refers to pins_port_hw_access.o(.text.PINS_Init) for PINS_Init
    pins_driver.o(.ARM.exidx.text.PINS_DRV_Init) refers to pins_driver.o(.text.PINS_DRV_Init) for [Anonymous Symbol]
    pins_driver.o(.ARM.exidx.text.PINS_DRV_SetPullSel) refers to pins_driver.o(.text.PINS_DRV_SetPullSel) for [Anonymous Symbol]
    pins_driver.o(.text.PINS_DRV_SetMuxModeSel) refers to pins_port_hw_access.o(.text.PINS_SetMuxModeSel) for PINS_SetMuxModeSel
    pins_driver.o(.ARM.exidx.text.PINS_DRV_SetMuxModeSel) refers to pins_driver.o(.text.PINS_DRV_SetMuxModeSel) for [Anonymous Symbol]
    pins_driver.o(.ARM.exidx.text.PINS_DRV_SetPinIntSel) refers to pins_driver.o(.text.PINS_DRV_SetPinIntSel) for [Anonymous Symbol]
    pins_driver.o(.ARM.exidx.text.PINS_DRV_GetPinIntSel) refers to pins_driver.o(.text.PINS_DRV_GetPinIntSel) for [Anonymous Symbol]
    pins_driver.o(.ARM.exidx.text.PINS_DRV_ClearPinIntFlagCmd) refers to pins_driver.o(.text.PINS_DRV_ClearPinIntFlagCmd) for [Anonymous Symbol]
    pins_driver.o(.ARM.exidx.text.PINS_DRV_EnableDigitalFilter) refers to pins_driver.o(.text.PINS_DRV_EnableDigitalFilter) for [Anonymous Symbol]
    pins_driver.o(.ARM.exidx.text.PINS_DRV_DisableDigitalFilter) refers to pins_driver.o(.text.PINS_DRV_DisableDigitalFilter) for [Anonymous Symbol]
    pins_driver.o(.ARM.exidx.text.PINS_DRV_ConfigDigitalFilter) refers to pins_driver.o(.text.PINS_DRV_ConfigDigitalFilter) for [Anonymous Symbol]
    pins_driver.o(.ARM.exidx.text.PINS_DRV_GetPortIntFlag) refers to pins_driver.o(.text.PINS_DRV_GetPortIntFlag) for [Anonymous Symbol]
    pins_driver.o(.ARM.exidx.text.PINS_DRV_ClearPortIntFlagCmd) refers to pins_driver.o(.text.PINS_DRV_ClearPortIntFlagCmd) for [Anonymous Symbol]
    pins_driver.o(.ARM.exidx.text.PINS_DRV_GetPinsDirection) refers to pins_driver.o(.text.PINS_DRV_GetPinsDirection) for [Anonymous Symbol]
    pins_driver.o(.ARM.exidx.text.PINS_DRV_SetPinDirection) refers to pins_driver.o(.text.PINS_DRV_SetPinDirection) for [Anonymous Symbol]
    pins_driver.o(.ARM.exidx.text.PINS_DRV_SetPinsDirection) refers to pins_driver.o(.text.PINS_DRV_SetPinsDirection) for [Anonymous Symbol]
    pins_driver.o(.ARM.exidx.text.PINS_DRV_SetPortInputDisable) refers to pins_driver.o(.text.PINS_DRV_SetPortInputDisable) for [Anonymous Symbol]
    pins_driver.o(.ARM.exidx.text.PINS_DRV_GetPortInputDisable) refers to pins_driver.o(.text.PINS_DRV_GetPortInputDisable) for [Anonymous Symbol]
    pins_driver.o(.text.PINS_DRV_SetGlobalPinControl) refers to pins_port_hw_access.o(.text.PINS_SetGlobalPinControl) for PINS_SetGlobalPinControl
    pins_driver.o(.ARM.exidx.text.PINS_DRV_SetGlobalPinControl) refers to pins_driver.o(.text.PINS_DRV_SetGlobalPinControl) for [Anonymous Symbol]
    pins_driver.o(.text.PINS_DRV_SetGlobalIntControl) refers to pins_port_hw_access.o(.text.PINS_SetGlobalIntControl) for PINS_SetGlobalIntControl
    pins_driver.o(.ARM.exidx.text.PINS_DRV_SetGlobalIntControl) refers to pins_driver.o(.text.PINS_DRV_SetGlobalIntControl) for [Anonymous Symbol]
    pins_driver.o(.ARM.exidx.text.PINS_DRV_WritePin) refers to pins_driver.o(.text.PINS_DRV_WritePin) for [Anonymous Symbol]
    pins_driver.o(.ARM.exidx.text.PINS_DRV_WritePins) refers to pins_driver.o(.text.PINS_DRV_WritePins) for [Anonymous Symbol]
    pins_driver.o(.ARM.exidx.text.PINS_DRV_GetPinsOutput) refers to pins_driver.o(.text.PINS_DRV_GetPinsOutput) for [Anonymous Symbol]
    pins_driver.o(.ARM.exidx.text.PINS_DRV_SetPins) refers to pins_driver.o(.text.PINS_DRV_SetPins) for [Anonymous Symbol]
    pins_driver.o(.ARM.exidx.text.PINS_DRV_ClearPins) refers to pins_driver.o(.text.PINS_DRV_ClearPins) for [Anonymous Symbol]
    pins_driver.o(.ARM.exidx.text.PINS_DRV_TogglePins) refers to pins_driver.o(.text.PINS_DRV_TogglePins) for [Anonymous Symbol]
    pins_driver.o(.ARM.exidx.text.PINS_DRV_ReadPins) refers to pins_driver.o(.text.PINS_DRV_ReadPins) for [Anonymous Symbol]
    pins_port_hw_access.o(.ARM.exidx.text.PINS_Init) refers to pins_port_hw_access.o(.text.PINS_Init) for [Anonymous Symbol]
    pins_port_hw_access.o(.ARM.exidx.text.PINS_SetMuxModeSel) refers to pins_port_hw_access.o(.text.PINS_SetMuxModeSel) for [Anonymous Symbol]
    pins_port_hw_access.o(.ARM.exidx.text.PINS_SetGlobalPinControl) refers to pins_port_hw_access.o(.text.PINS_SetGlobalPinControl) for [Anonymous Symbol]
    pins_port_hw_access.o(.ARM.exidx.text.PINS_SetGlobalIntControl) refers to pins_port_hw_access.o(.text.PINS_SetGlobalIntControl) for [Anonymous Symbol]
    startup_s32k144.o(.text) refers (Special) to main.o(.text.main) for main
    startup_s32k144.o(.text) refers to startup_s32k144.o(FlashConfig) for FlashConfig
    startup_s32k144.o(.text) refers to startup_s32k144.o(RESET) for __Vectors
    startup_s32k144.o(.text) refers to system_s32k144.o(.text.SystemInit) for SystemInit
    startup_s32k144.o(.text) refers to startup.o(.text.init_data_bss) for init_data_bss
    startup_s32k144.o(.text) refers to __main.o(!!!main) for __main
    startup_s32k144.o(RESET) refers (Special) to main.o(.text.main) for main
    startup_s32k144.o(RESET) refers to startup_s32k144.o(.text) for Reset_Handler
    startup_s32k144.o(FlashConfig) refers (Special) to main.o(.text.main) for main
    system_s32k144.o(.ARM.exidx.text.SystemInit) refers to system_s32k144.o(.text.SystemInit) for [Anonymous Symbol]
    system_s32k144.o(.text.SystemCoreClockUpdate) refers to system_s32k144.o(.data.SystemCoreClock) for SystemCoreClock
    system_s32k144.o(.ARM.exidx.text.SystemCoreClockUpdate) refers to system_s32k144.o(.text.SystemCoreClockUpdate) for [Anonymous Symbol]
    system_s32k144.o(.ARM.exidx.text.SystemSoftwareReset) refers to system_s32k144.o(.text.SystemSoftwareReset) for [Anonymous Symbol]
    __main.o(!!!main) refers to __rtentry.o(.ARM.Collect$$rtentry$$00000000) for __rt_entry
    __rtentry.o(.ARM.Collect$$rtentry$$00000000) refers (Special) to __rtentry2.o(.ARM.Collect$$rtentry$$0000000A) for __rt_entry_li
    __rtentry.o(.ARM.Collect$$rtentry$$00000000) refers (Special) to __rtentry2.o(.ARM.Collect$$rtentry$$0000000D) for __rt_entry_main
    __rtentry.o(.ARM.Collect$$rtentry$$00000000) refers (Special) to __rtentry2.o(.ARM.Collect$$rtentry$$0000000C) for __rt_entry_postli_1
    __rtentry.o(.ARM.Collect$$rtentry$$00000000) refers (Special) to __rtentry2.o(.ARM.Collect$$rtentry$$00000009) for __rt_entry_postsh_1
    __rtentry.o(.ARM.Collect$$rtentry$$00000000) refers (Special) to __rtentry2.o(.ARM.Collect$$rtentry$$00000002) for __rt_entry_presh_1
    __rtentry.o(.ARM.Collect$$rtentry$$00000000) refers (Special) to __rtentry7.o(.ARM.Collect$$rtentry$$00000007) for __rt_entry_sh
    __rtentry2.o(.ARM.Collect$$rtentry$$00000008) refers to boardinit2.o(.text) for _platform_post_stackheap_init
    __rtentry2.o(.ARM.Collect$$rtentry$$0000000A) refers to libinit.o(.ARM.Collect$$libinit$$00000000) for __rt_lib_init
    __rtentry2.o(.ARM.Collect$$rtentry$$0000000B) refers to boardinit3.o(.text) for _platform_post_lib_init
    __rtentry2.o(.ARM.Collect$$rtentry$$0000000D) refers to main.o(.text.main) for main
    __rtentry2.o(.ARM.Collect$$rtentry$$0000000D) refers to exit.o(.text) for exit
    __rtentry2.o(.ARM.exidx) refers to __rtentry2.o(.ARM.Collect$$rtentry$$00000001) for .ARM.Collect$$rtentry$$00000001
    __rtentry2.o(.ARM.exidx) refers to __rtentry2.o(.ARM.Collect$$rtentry$$00000008) for .ARM.Collect$$rtentry$$00000008
    __rtentry2.o(.ARM.exidx) refers to __rtentry2.o(.ARM.Collect$$rtentry$$0000000A) for .ARM.Collect$$rtentry$$0000000A
    __rtentry2.o(.ARM.exidx) refers to __rtentry2.o(.ARM.Collect$$rtentry$$0000000B) for .ARM.Collect$$rtentry$$0000000B
    __rtentry2.o(.ARM.exidx) refers to __rtentry2.o(.ARM.Collect$$rtentry$$0000000D) for .ARM.Collect$$rtentry$$0000000D
    __rtentry4.o(.ARM.Collect$$rtentry$$00000004) refers to sys_stackheap_outer.o(.text) for __user_setup_stackheap
    __rtentry4.o(.ARM.exidx) refers to __rtentry4.o(.ARM.Collect$$rtentry$$00000004) for .ARM.Collect$$rtentry$$00000004
    __rtentry7.o(.ARM.Collect$$rtentry$$00000007) refers to __rtentry7.o(.ARM.Collect$$rtentry$$00002718) for __lit__00000000
    __rtentry7.o(__vectab_stack_and_reset_2_area) refers to __main.o(!!!main) for __main
    __rtentry7.o(.ARM.exidx) refers to __rtentry7.o(.ARM.Collect$$rtentry$$00000007) for .ARM.Collect$$rtentry$$00000007
    __rtentry7.o(.ARM.exidx) refers to __rtentry7.o(.ARM.Collect$$rtentry$$00002718) for .ARM.Collect$$rtentry$$00002718
    sys_stackheap_outer.o(.text) refers to libspace.o(.text) for __user_perproc_libspace
    sys_stackheap_outer.o(.text) refers to sys_stackheap.o(.text) for __user_initial_stackheap
    exit.o(.text) refers to rtexit.o(.ARM.Collect$$rtexit$$00000000) for __rt_exit
    libinit.o(.ARM.Collect$$libinit$$00000000) refers (Special) to libinit2.o(.ARM.Collect$$libinit$$00000030) for __rt_lib_init_alloca_1
    libinit.o(.ARM.Collect$$libinit$$00000000) refers (Special) to libinit2.o(.ARM.Collect$$libinit$$0000002E) for __rt_lib_init_argv_1
    libinit.o(.ARM.Collect$$libinit$$00000000) refers (Special) to libinit2.o(.ARM.Collect$$libinit$$0000001D) for __rt_lib_init_atexit_1
    libinit.o(.ARM.Collect$$libinit$$00000000) refers (Special) to libinit2.o(.ARM.Collect$$libinit$$00000023) for __rt_lib_init_clock_1
    libinit.o(.ARM.Collect$$libinit$$00000000) refers (Special) to libinit2.o(.ARM.Collect$$libinit$$00000034) for __rt_lib_init_cpp_1
    libinit.o(.ARM.Collect$$libinit$$00000000) refers (Special) to libinit2.o(.ARM.Collect$$libinit$$00000032) for __rt_lib_init_exceptions_1
    libinit.o(.ARM.Collect$$libinit$$00000000) refers (Special) to libinit2.o(.ARM.Collect$$libinit$$00000001) for __rt_lib_init_fp_1
    libinit.o(.ARM.Collect$$libinit$$00000000) refers (Special) to libinit2.o(.ARM.Collect$$libinit$$00000021) for __rt_lib_init_fp_trap_1
    libinit.o(.ARM.Collect$$libinit$$00000000) refers (Special) to libinit2.o(.ARM.Collect$$libinit$$00000025) for __rt_lib_init_getenv_1
    libinit.o(.ARM.Collect$$libinit$$00000000) refers (Special) to libinit2.o(.ARM.Collect$$libinit$$0000000C) for __rt_lib_init_heap_1
    libinit.o(.ARM.Collect$$libinit$$00000000) refers (Special) to libinit2.o(.ARM.Collect$$libinit$$00000013) for __rt_lib_init_lc_collate_1
    libinit.o(.ARM.Collect$$libinit$$00000000) refers (Special) to libinit2.o(.ARM.Collect$$libinit$$00000015) for __rt_lib_init_lc_ctype_1
    libinit.o(.ARM.Collect$$libinit$$00000000) refers (Special) to libinit2.o(.ARM.Collect$$libinit$$00000017) for __rt_lib_init_lc_monetary_1
    libinit.o(.ARM.Collect$$libinit$$00000000) refers (Special) to libinit2.o(.ARM.Collect$$libinit$$00000019) for __rt_lib_init_lc_numeric_1
    libinit.o(.ARM.Collect$$libinit$$00000000) refers (Special) to libinit2.o(.ARM.Collect$$libinit$$0000001B) for __rt_lib_init_lc_time_1
    libinit.o(.ARM.Collect$$libinit$$00000000) refers (Special) to libinit2.o(.ARM.Collect$$libinit$$00000006) for __rt_lib_init_preinit_1
    libinit.o(.ARM.Collect$$libinit$$00000000) refers (Special) to libinit2.o(.ARM.Collect$$libinit$$00000010) for __rt_lib_init_rand_1
    libinit.o(.ARM.Collect$$libinit$$00000000) refers (Special) to libinit2.o(.ARM.Collect$$libinit$$00000004) for __rt_lib_init_relocate_pie_1
    libinit.o(.ARM.Collect$$libinit$$00000000) refers (Special) to libinit2.o(.ARM.Collect$$libinit$$00000035) for __rt_lib_init_return
    libinit.o(.ARM.Collect$$libinit$$00000000) refers (Special) to libinit2.o(.ARM.Collect$$libinit$$0000001F) for __rt_lib_init_signal_1
    libinit.o(.ARM.Collect$$libinit$$00000000) refers (Special) to libinit2.o(.ARM.Collect$$libinit$$00000027) for __rt_lib_init_stdio_1
    libinit.o(.ARM.Collect$$libinit$$00000000) refers (Special) to libinit2.o(.ARM.Collect$$libinit$$0000000E) for __rt_lib_init_user_alloc_1
    libspace.o(.text) refers to libspace.o(.bss) for __libspace_start
    sys_stackheap.o(.text) refers (Special) to indicate_semi.o(.text) for __semihosting_library_function
    sys_stackheap.o(.text) refers to use_no_semi.o(.text) for __I$use$semihosting
    sys_stackheap_hlt.o(.text) refers (Special) to indicate_semi.o(.text) for __semihosting_library_function
    sys_stackheap_hlt.o(.text) refers to use_no_semi.o(.text) for __I$use$semihosting
    rtexit.o(.ARM.Collect$$rtexit$$00000000) refers (Special) to rtexit2.o(.ARM.Collect$$rtexit$$00000004) for __rt_exit_exit
    rtexit.o(.ARM.Collect$$rtexit$$00000000) refers (Special) to rtexit2.o(.ARM.Collect$$rtexit$$00000003) for __rt_exit_ls
    rtexit.o(.ARM.Collect$$rtexit$$00000000) refers (Special) to rtexit2.o(.ARM.Collect$$rtexit$$00000002) for __rt_exit_prels_1
    rtexit.o(.ARM.exidx) refers (Special) to rtexit2.o(.ARM.Collect$$rtexit$$00000004) for __rt_exit_exit
    rtexit.o(.ARM.exidx) refers (Special) to rtexit2.o(.ARM.Collect$$rtexit$$00000003) for __rt_exit_ls
    rtexit.o(.ARM.exidx) refers (Special) to rtexit2.o(.ARM.Collect$$rtexit$$00000002) for __rt_exit_prels_1
    rtexit.o(.ARM.exidx) refers to rtexit.o(.ARM.Collect$$rtexit$$00000000) for .ARM.Collect$$rtexit$$00000000
    libinit2.o(.ARM.Collect$$libinit$$00000001) refers to fpinit.o(x$fpl$fpinit) for _fp_init
    libinit2.o(.ARM.Collect$$libinit$$00000012) refers to libinit2.o(.ARM.Collect$$libinit$$00000011) for .ARM.Collect$$libinit$$00000011
    libinit2.o(.ARM.Collect$$libinit$$00000014) refers to libinit2.o(.ARM.Collect$$libinit$$00000011) for .ARM.Collect$$libinit$$00000011
    libinit2.o(.ARM.Collect$$libinit$$00000016) refers to libinit2.o(.ARM.Collect$$libinit$$00000011) for .ARM.Collect$$libinit$$00000011
    libinit2.o(.ARM.Collect$$libinit$$00000018) refers to libinit2.o(.ARM.Collect$$libinit$$00000011) for .ARM.Collect$$libinit$$00000011
    libinit2.o(.ARM.Collect$$libinit$$0000001A) refers to libinit2.o(.ARM.Collect$$libinit$$00000011) for .ARM.Collect$$libinit$$00000011
    libinit2.o(.ARM.Collect$$libinit$$00000028) refers to argv_veneer.o(.emb_text) for __ARM_argv_veneer
    libinit2.o(.ARM.Collect$$libinit$$00000029) refers to argv_veneer.o(.emb_text) for __ARM_argv_veneer
    libinit5.o(.ARM.Collect$$libinit$$0000000A) refers to libinit5.o(.ARM.Collect$$libinit$$0000271B) for __lit__00000000
    libinit5.o(.ARM.Collect$$libinit$$0000002C) refers to libinit5.o(.ARM.Collect$$libinit$$0000273D) for __lit__00000002
    libinit5.o(.ARM.Collect$$libinit$$0000002C) refers to argv_veneer.o(.emb_text) for __ARM_argv_veneer
    rtexit2.o(.ARM.Collect$$rtexit$$00000003) refers to libshutdown.o(.ARM.Collect$$libshutdown$$00000000) for __rt_lib_shutdown
    rtexit2.o(.ARM.Collect$$rtexit$$00000004) refers to sys_exit.o(.text) for _sys_exit
    rtexit2.o(.ARM.exidx) refers to rtexit2.o(.ARM.Collect$$rtexit$$00000001) for .ARM.Collect$$rtexit$$00000001
    rtexit2.o(.ARM.exidx) refers to rtexit2.o(.ARM.Collect$$rtexit$$00000003) for .ARM.Collect$$rtexit$$00000003
    rtexit2.o(.ARM.exidx) refers to rtexit2.o(.ARM.Collect$$rtexit$$00000004) for .ARM.Collect$$rtexit$$00000004
    argv_veneer.o(.emb_text) refers to no_argv.o(.text) for __ARM_get_argv
    sys_exit.o(.text) refers (Special) to use_no_semi.o(.text) for __I$use$semihosting
    sys_exit.o(.text) refers (Special) to indicate_semi.o(.text) for __semihosting_library_function
    sys_exit_hlt.o(.text) refers (Special) to use_no_semi.o(.text) for __I$use$semihosting
    sys_exit_hlt.o(.text) refers (Special) to indicate_semi.o(.text) for __semihosting_library_function
    _get_argv_nomalloc.o(.text) refers (Special) to hrguard.o(.text) for __heap_region$guard
    _get_argv_nomalloc.o(.text) refers to defsig_rtmem_outer.o(.text) for __rt_SIGRTMEM
    _get_argv_nomalloc.o(.text) refers to sys_command.o(.text) for _sys_command_string
    libshutdown.o(.ARM.Collect$$libshutdown$$00000000) refers (Special) to libshutdown2.o(.ARM.Collect$$libshutdown$$00000002) for __rt_lib_shutdown_cpp_1
    libshutdown.o(.ARM.Collect$$libshutdown$$00000000) refers (Special) to libshutdown2.o(.ARM.Collect$$libshutdown$$00000007) for __rt_lib_shutdown_fp_trap_1
    libshutdown.o(.ARM.Collect$$libshutdown$$00000000) refers (Special) to libshutdown2.o(.ARM.Collect$$libshutdown$$0000000F) for __rt_lib_shutdown_heap_1
    libshutdown.o(.ARM.Collect$$libshutdown$$00000000) refers (Special) to libshutdown2.o(.ARM.Collect$$libshutdown$$00000010) for __rt_lib_shutdown_return
    libshutdown.o(.ARM.Collect$$libshutdown$$00000000) refers (Special) to libshutdown2.o(.ARM.Collect$$libshutdown$$0000000A) for __rt_lib_shutdown_signal_1
    libshutdown.o(.ARM.Collect$$libshutdown$$00000000) refers (Special) to libshutdown2.o(.ARM.Collect$$libshutdown$$00000004) for __rt_lib_shutdown_stdio_1
    libshutdown.o(.ARM.Collect$$libshutdown$$00000000) refers (Special) to libshutdown2.o(.ARM.Collect$$libshutdown$$0000000C) for __rt_lib_shutdown_user_alloc_1
    sys_command.o(.text) refers (Special) to use_no_semi.o(.text) for __I$use$semihosting
    sys_command.o(.text) refers (Special) to indicate_semi.o(.text) for __semihosting_library_function
    sys_command_hlt.o(.text) refers (Special) to use_no_semi.o(.text) for __I$use$semihosting
    sys_command_hlt.o(.text) refers (Special) to indicate_semi.o(.text) for __semihosting_library_function
    defsig_rtmem_outer.o(.text) refers to defsig_rtmem_inner.o(.text) for __rt_SIGRTMEM_inner
    defsig_rtmem_outer.o(.text) refers to defsig_exit.o(.text) for __sig_exit
    defsig_rtmem_formal.o(.text) refers to rt_raise.o(.text) for __rt_raise
    rt_raise.o(.text) refers to __raise.o(.text) for __raise
    rt_raise.o(.text) refers to sys_exit.o(.text) for _sys_exit
    defsig_exit.o(.text) refers to sys_exit.o(.text) for _sys_exit
    defsig_rtmem_inner.o(.text) refers to defsig_general.o(.text) for __default_signal_display
    __raise.o(.text) refers to defsig.o(CL$$defsig) for __default_signal_handler
    defsig_general.o(.text) refers to sys_wrch.o(.text) for _ttywrch
    sys_wrch.o(.text) refers (Special) to use_no_semi.o(.text) for __I$use$semihosting
    sys_wrch.o(.text) refers (Special) to indicate_semi.o(.text) for __semihosting_library_function
    sys_wrch_hlt.o(.text) refers (Special) to use_no_semi.o(.text) for __I$use$semihosting
    sys_wrch_hlt.o(.text) refers (Special) to indicate_semi.o(.text) for __semihosting_library_function
    defsig.o(CL$$defsig) refers to defsig_rtmem_inner.o(.text) for __rt_SIGRTMEM_inner
    defsig_abrt_inner.o(.text) refers to defsig_general.o(.text) for __default_signal_display
    defsig_fpe_inner.o(.text) refers to defsig_general.o(.text) for __default_signal_display
    defsig_rtred_inner.o(.text) refers to defsig_general.o(.text) for __default_signal_display
    defsig_stak_inner.o(.text) refers to defsig_general.o(.text) for __default_signal_display
    defsig_pvfn_inner.o(.text) refers to defsig_general.o(.text) for __default_signal_display
    defsig_cppl_inner.o(.text) refers to defsig_general.o(.text) for __default_signal_display
    defsig_segv_inner.o(.text) refers to defsig_general.o(.text) for __default_signal_display
    defsig_other.o(.text) refers to defsig_general.o(.text) for __default_signal_display


==============================================================================

Removing Unused input sections from the image.

    Removing main.o(.text), (0 bytes).
    Removing main.o(.ARM.exidx.text.main), (8 bytes).
    Removing main.o(.text.GPIO_configure), (146 bytes).
    Removing main.o(.ARM.exidx.text.GPIO_configure), (8 bytes).
    Removing main.o(.ARM.use_no_argv), (4 bytes).
    Removing startup.o(.text), (0 bytes).
    Removing startup.o(.ARM.exidx.text.init_data_bss), (8 bytes).
    Removing clock_s32k1xx.o(.text), (0 bytes).
    Removing clock_s32k1xx.o(.text.CLOCK_DRV_Init), (2018 bytes).
    Removing clock_s32k1xx.o(.ARM.exidx.text.CLOCK_DRV_Init), (8 bytes).
    Removing clock_s32k1xx.o(.text.CLOCK_DRV_GetFreq), (1568 bytes).
    Removing clock_s32k1xx.o(.ARM.exidx.text.CLOCK_DRV_GetFreq), (8 bytes).
    Removing clock_s32k1xx.o(.text.CLOCK_DRV_SetModuleClock), (456 bytes).
    Removing clock_s32k1xx.o(.ARM.exidx.text.CLOCK_DRV_SetModuleClock), (8 bytes).
    Removing clock_s32k1xx.o(.text.CLOCK_DRV_SetSystemClock), (426 bytes).
    Removing clock_s32k1xx.o(.ARM.exidx.text.CLOCK_DRV_SetSystemClock), (8 bytes).
    Removing clock_s32k1xx.o(.text.CLOCK_SYS_SetSystemClockConfig), (546 bytes).
    Removing clock_s32k1xx.o(.ARM.exidx.text.CLOCK_SYS_SetSystemClockConfig), (8 bytes).
    Removing clock_s32k1xx.o(.text.CLOCK_DRV_GetSystemClockSource), (68 bytes).
    Removing clock_s32k1xx.o(.ARM.exidx.text.CLOCK_DRV_GetSystemClockSource), (8 bytes).
    Removing clock_s32k1xx.o(.text.CLOCK_DRV_SetClockSource), (1664 bytes).
    Removing clock_s32k1xx.o(.ARM.exidx.text.CLOCK_DRV_SetClockSource), (8 bytes).
    Removing clock_s32k1xx.o(.text.CLOCK_SYS_ConvertAsyncDividerValue), (114 bytes).
    Removing clock_s32k1xx.o(.ARM.exidx.text.CLOCK_SYS_ConvertAsyncDividerValue), (8 bytes).
    Removing clock_s32k1xx.o(.text.CLOCK_SYS_Init), (56 bytes).
    Removing clock_s32k1xx.o(.ARM.exidx.text.CLOCK_SYS_Init), (8 bytes).
    Removing clock_s32k1xx.o(.text.CLOCK_SYS_UpdateConfiguration), (354 bytes).
    Removing clock_s32k1xx.o(.ARM.exidx.text.CLOCK_SYS_UpdateConfiguration), (8 bytes).
    Removing clock_s32k1xx.o(.text.CLOCK_SYS_SetConfiguration), (4 bytes).
    Removing clock_s32k1xx.o(.ARM.exidx.text.CLOCK_SYS_SetConfiguration), (8 bytes).
    Removing clock_s32k1xx.o(.text.CLOCK_SYS_GetCurrentConfiguration), (12 bytes).
    Removing clock_s32k1xx.o(.ARM.exidx.text.CLOCK_SYS_GetCurrentConfiguration), (8 bytes).
    Removing clock_s32k1xx.o(.text.CLOCK_SYS_GetErrorCallback), (44 bytes).
    Removing clock_s32k1xx.o(.ARM.exidx.text.CLOCK_SYS_GetErrorCallback), (8 bytes).
    Removing clock_s32k1xx.o(.text.CLOCK_SYS_GetFreq), (4 bytes).
    Removing clock_s32k1xx.o(.ARM.exidx.text.CLOCK_SYS_GetFreq), (8 bytes).
    Removing clock_s32k1xx.o(.text.CLOCK_SYS_ConfigureSIRC), (204 bytes).
    Removing clock_s32k1xx.o(.ARM.exidx.text.CLOCK_SYS_ConfigureSIRC), (8 bytes).
    Removing clock_s32k1xx.o(.text.CLOCK_SYS_ConfigureSOSC), (280 bytes).
    Removing clock_s32k1xx.o(.ARM.exidx.text.CLOCK_SYS_ConfigureSOSC), (8 bytes).
    Removing clock_s32k1xx.o(.text.CLOCK_SYS_ConfigureSPLL), (314 bytes).
    Removing clock_s32k1xx.o(.ARM.exidx.text.CLOCK_SYS_ConfigureSPLL), (8 bytes).
    Removing clock_s32k1xx.o(.text.CLOCK_SYS_GetSystemClockFreq), (234 bytes).
    Removing clock_s32k1xx.o(.ARM.exidx.text.CLOCK_SYS_GetSystemClockFreq), (8 bytes).
    Removing clock_s32k1xx.o(.text.CLOCK_SYS_GetSimClkOutFreq), (482 bytes).
    Removing clock_s32k1xx.o(.ARM.exidx.text.CLOCK_SYS_GetSimClkOutFreq), (8 bytes).
    Removing clock_s32k1xx.o(.text.CLOCK_SYS_GetScgClkOutFreq), (182 bytes).
    Removing clock_s32k1xx.o(.ARM.exidx.text.CLOCK_SYS_GetScgClkOutFreq), (8 bytes).
    Removing clock_s32k1xx.o(.text.CLOCK_SYS_GetPeripheralClock), (664 bytes).
    Removing clock_s32k1xx.o(.ARM.exidx.text.CLOCK_SYS_GetPeripheralClock), (8 bytes).
    Removing clock_s32k1xx.o(.text.CLOCK_SYS_TransitionToTmpSysClk), (516 bytes).
    Removing clock_s32k1xx.o(.ARM.exidx.text.CLOCK_SYS_TransitionToTmpSysClk), (8 bytes).
    Removing clock_s32k1xx.o(.rodata.clockNameMappings), (158 bytes).
    Removing clock_s32k1xx.o(.rodata.peripheralFeaturesList), (79 bytes).
    Removing clock_s32k1xx.o(.rodata.CLOCK_DRV_SetSystemClock.sysClkDivMappings), (17 bytes).
    Removing clock_s32k1xx.o(.bss.g_clockState.0), (4 bytes).
    Removing clock_s32k1xx.o(.bss.g_clockState.1), (1 bytes).
    Removing clock_s32k1xx.o(.bss.g_clockState.2), (1 bytes).
    Removing clock_s32k1xx.o(.bss.g_clockState.3), (4 bytes).
    Removing clock_s32k1xx.o(.bss.g_clockState.4), (1 bytes).
    Removing clock_s32k1xx.o(.bss.g_clockState.5), (1 bytes).
    Removing clock_s32k1xx.o(.bss.g_TClkFreq), (12 bytes).
    Removing clock_s32k1xx.o(.bss.g_RtcClkInFreq), (4 bytes).
    Removing clock_s32k1xx.o(.bss.g_xtal0ClkFreq), (4 bytes).
    Removing clock_s32k1xx.o(.data.CLOCK_SYS_GetDefaultConfiguration.peripheralClockConfig), (160 bytes).
    Removing clock_s32k1xx.o(.rodata.CLOCK_SYS_SetSystemClockConfig.maxSysClksInVLPR), (84 bytes).
    Removing clock_s32k1xx.o(.rodata.CLOCK_SYS_SetSystemClockConfig.maxSysClksInRUN), (84 bytes).
    Removing clock_s32k1xx.o(.rodata.CLOCK_SYS_SetSystemClockConfig.maxSysClksInHSRUN), (84 bytes).
    Removing clock_s32k1xx.o(.rodata.cst16), (16 bytes).
    Removing clock_s32k1xx.o(.rodata..Lswitch.table.CLOCK_DRV_SetClockSource.3), (6 bytes).
    Removing interrupt_manager.o(.text), (0 bytes).
    Removing interrupt_manager.o(.text.INT_SYS_InstallHandler), (74 bytes).
    Removing interrupt_manager.o(.ARM.exidx.text.INT_SYS_InstallHandler), (8 bytes).
    Removing interrupt_manager.o(.text.INT_SYS_EnableIRQ), (26 bytes).
    Removing interrupt_manager.o(.ARM.exidx.text.INT_SYS_EnableIRQ), (8 bytes).
    Removing interrupt_manager.o(.text.INT_SYS_DisableIRQ), (26 bytes).
    Removing interrupt_manager.o(.ARM.exidx.text.INT_SYS_DisableIRQ), (8 bytes).
    Removing interrupt_manager.o(.text.INT_SYS_EnableIRQGlobal), (26 bytes).
    Removing interrupt_manager.o(.ARM.exidx.text.INT_SYS_EnableIRQGlobal), (8 bytes).
    Removing interrupt_manager.o(.text.INT_SYS_DisableIRQGlobal), (18 bytes).
    Removing interrupt_manager.o(.ARM.exidx.text.INT_SYS_DisableIRQGlobal), (8 bytes).
    Removing interrupt_manager.o(.text.INT_SYS_SetPriority), (68 bytes).
    Removing interrupt_manager.o(.ARM.exidx.text.INT_SYS_SetPriority), (8 bytes).
    Removing interrupt_manager.o(.text.INT_SYS_GetPriority), (62 bytes).
    Removing interrupt_manager.o(.ARM.exidx.text.INT_SYS_GetPriority), (8 bytes).
    Removing interrupt_manager.o(.text.INT_SYS_ClearPending), (26 bytes).
    Removing interrupt_manager.o(.ARM.exidx.text.INT_SYS_ClearPending), (8 bytes).
    Removing interrupt_manager.o(.text.INT_SYS_SetPending), (26 bytes).
    Removing interrupt_manager.o(.ARM.exidx.text.INT_SYS_SetPending), (8 bytes).
    Removing interrupt_manager.o(.text.INT_SYS_GetPending), (28 bytes).
    Removing interrupt_manager.o(.ARM.exidx.text.INT_SYS_GetPending), (8 bytes).
    Removing interrupt_manager.o(.text.INT_SYS_GetActive), (28 bytes).
    Removing interrupt_manager.o(.ARM.exidx.text.INT_SYS_GetActive), (8 bytes).
    Removing interrupt_manager.o(.bss.g_interruptDisableCount), (4 bytes).
    Removing pins_driver.o(.text), (0 bytes).
    Removing pins_driver.o(.text.PINS_DRV_Init), (26 bytes).
    Removing pins_driver.o(.ARM.exidx.text.PINS_DRV_Init), (8 bytes).
    Removing pins_driver.o(.text.PINS_DRV_SetPullSel), (58 bytes).
    Removing pins_driver.o(.ARM.exidx.text.PINS_DRV_SetPullSel), (8 bytes).
    Removing pins_driver.o(.text.PINS_DRV_SetMuxModeSel), (4 bytes).
    Removing pins_driver.o(.ARM.exidx.text.PINS_DRV_SetMuxModeSel), (8 bytes).
    Removing pins_driver.o(.text.PINS_DRV_SetPinIntSel), (14 bytes).
    Removing pins_driver.o(.ARM.exidx.text.PINS_DRV_SetPinIntSel), (8 bytes).
    Removing pins_driver.o(.text.PINS_DRV_GetPinIntSel), (10 bytes).
    Removing pins_driver.o(.ARM.exidx.text.PINS_DRV_GetPinIntSel), (8 bytes).
    Removing pins_driver.o(.text.PINS_DRV_ClearPinIntFlagCmd), (14 bytes).
    Removing pins_driver.o(.ARM.exidx.text.PINS_DRV_ClearPinIntFlagCmd), (8 bytes).
    Removing pins_driver.o(.text.PINS_DRV_EnableDigitalFilter), (18 bytes).
    Removing pins_driver.o(.ARM.exidx.text.PINS_DRV_EnableDigitalFilter), (8 bytes).
    Removing pins_driver.o(.text.PINS_DRV_DisableDigitalFilter), (20 bytes).
    Removing pins_driver.o(.ARM.exidx.text.PINS_DRV_DisableDigitalFilter), (8 bytes).
    Removing pins_driver.o(.text.PINS_DRV_ConfigDigitalFilter), (22 bytes).
    Removing pins_driver.o(.ARM.exidx.text.PINS_DRV_ConfigDigitalFilter), (8 bytes).
    Removing pins_driver.o(.text.PINS_DRV_GetPortIntFlag), (6 bytes).
    Removing pins_driver.o(.ARM.exidx.text.PINS_DRV_GetPortIntFlag), (8 bytes).
    Removing pins_driver.o(.text.PINS_DRV_ClearPortIntFlagCmd), (10 bytes).
    Removing pins_driver.o(.ARM.exidx.text.PINS_DRV_ClearPortIntFlagCmd), (8 bytes).
    Removing pins_driver.o(.text.PINS_DRV_GetPinsDirection), (4 bytes).
    Removing pins_driver.o(.ARM.exidx.text.PINS_DRV_GetPinsDirection), (8 bytes).
    Removing pins_driver.o(.text.PINS_DRV_SetPinDirection), (22 bytes).
    Removing pins_driver.o(.ARM.exidx.text.PINS_DRV_SetPinDirection), (8 bytes).
    Removing pins_driver.o(.text.PINS_DRV_SetPinsDirection), (4 bytes).
    Removing pins_driver.o(.ARM.exidx.text.PINS_DRV_SetPinsDirection), (8 bytes).
    Removing pins_driver.o(.text.PINS_DRV_SetPortInputDisable), (4 bytes).
    Removing pins_driver.o(.ARM.exidx.text.PINS_DRV_SetPortInputDisable), (8 bytes).
    Removing pins_driver.o(.text.PINS_DRV_GetPortInputDisable), (4 bytes).
    Removing pins_driver.o(.ARM.exidx.text.PINS_DRV_GetPortInputDisable), (8 bytes).
    Removing pins_driver.o(.text.PINS_DRV_SetGlobalPinControl), (4 bytes).
    Removing pins_driver.o(.ARM.exidx.text.PINS_DRV_SetGlobalPinControl), (8 bytes).
    Removing pins_driver.o(.text.PINS_DRV_SetGlobalIntControl), (4 bytes).
    Removing pins_driver.o(.ARM.exidx.text.PINS_DRV_SetGlobalIntControl), (8 bytes).
    Removing pins_driver.o(.text.PINS_DRV_WritePin), (22 bytes).
    Removing pins_driver.o(.ARM.exidx.text.PINS_DRV_WritePin), (8 bytes).
    Removing pins_driver.o(.text.PINS_DRV_WritePins), (4 bytes).
    Removing pins_driver.o(.ARM.exidx.text.PINS_DRV_WritePins), (8 bytes).
    Removing pins_driver.o(.text.PINS_DRV_GetPinsOutput), (4 bytes).
    Removing pins_driver.o(.ARM.exidx.text.PINS_DRV_GetPinsOutput), (8 bytes).
    Removing pins_driver.o(.text.PINS_DRV_SetPins), (4 bytes).
    Removing pins_driver.o(.ARM.exidx.text.PINS_DRV_SetPins), (8 bytes).
    Removing pins_driver.o(.text.PINS_DRV_ClearPins), (4 bytes).
    Removing pins_driver.o(.ARM.exidx.text.PINS_DRV_ClearPins), (8 bytes).
    Removing pins_driver.o(.text.PINS_DRV_TogglePins), (4 bytes).
    Removing pins_driver.o(.ARM.exidx.text.PINS_DRV_TogglePins), (8 bytes).
    Removing pins_driver.o(.text.PINS_DRV_ReadPins), (4 bytes).
    Removing pins_driver.o(.ARM.exidx.text.PINS_DRV_ReadPins), (8 bytes).
    Removing pins_port_hw_access.o(.text), (0 bytes).
    Removing pins_port_hw_access.o(.text.PINS_Init), (376 bytes).
    Removing pins_port_hw_access.o(.ARM.exidx.text.PINS_Init), (8 bytes).
    Removing pins_port_hw_access.o(.text.PINS_SetMuxModeSel), (216 bytes).
    Removing pins_port_hw_access.o(.ARM.exidx.text.PINS_SetMuxModeSel), (8 bytes).
    Removing pins_port_hw_access.o(.text.PINS_SetGlobalPinControl), (38 bytes).
    Removing pins_port_hw_access.o(.ARM.exidx.text.PINS_SetGlobalPinControl), (8 bytes).
    Removing pins_port_hw_access.o(.text.PINS_SetGlobalIntControl), (34 bytes).
    Removing pins_port_hw_access.o(.ARM.exidx.text.PINS_SetGlobalIntControl), (8 bytes).
    Removing system_s32k144.o(.text), (0 bytes).
    Removing system_s32k144.o(.ARM.exidx.text.SystemInit), (8 bytes).
    Removing system_s32k144.o(.text.SystemCoreClockUpdate), (156 bytes).
    Removing system_s32k144.o(.ARM.exidx.text.SystemCoreClockUpdate), (8 bytes).
    Removing system_s32k144.o(.text.SystemSoftwareReset), (32 bytes).
    Removing system_s32k144.o(.ARM.exidx.text.SystemSoftwareReset), (8 bytes).
    Removing system_s32k144.o(.data.SystemCoreClock), (4 bytes).

161 unused section(s) (total 13186 bytes) removed from the image.

==============================================================================

Image Symbol Table

    Local Symbols

    Symbol Name                              Value     Ov Type        Size  Object(Section)

    ../clib/angel/boardlib.s                 0x00000000   Number         0  boardinit1.o ABSOLUTE
    ../clib/angel/boardlib.s                 0x00000000   Number         0  boardinit2.o ABSOLUTE
    ../clib/angel/boardlib.s                 0x00000000   Number         0  boardinit3.o ABSOLUTE
    ../clib/angel/boardlib.s                 0x00000000   Number         0  boardshut.o ABSOLUTE
    ../clib/angel/handlers.s                 0x00000000   Number         0  __scatter_zi.o ABSOLUTE
    ../clib/angel/kernel.s                   0x00000000   Number         0  __rtentry.o ABSOLUTE
    ../clib/angel/kernel.s                   0x00000000   Number         0  __rtentry2.o ABSOLUTE
    ../clib/angel/kernel.s                   0x00000000   Number         0  __rtentry4.o ABSOLUTE
    ../clib/angel/kernel.s                   0x00000000   Number         0  __rtentry7.o ABSOLUTE
    ../clib/angel/kernel.s                   0x00000000   Number         0  rtexit.o ABSOLUTE
    ../clib/angel/kernel.s                   0x00000000   Number         0  rtexit2.o ABSOLUTE
    ../clib/angel/rt.s                       0x00000000   Number         0  rt_raise.o ABSOLUTE
    ../clib/angel/scatter.s                  0x00000000   Number         0  __scatter.o ABSOLUTE
    ../clib/angel/startup.s                  0x00000000   Number         0  __main.o ABSOLUTE
    ../clib/angel/sys.s                      0x00000000   Number         0  sys_stackheap_outer.o ABSOLUTE
    ../clib/angel/sys.s                      0x00000000   Number         0  libspace.o ABSOLUTE
    ../clib/angel/sys.s                      0x00000000   Number         0  sys_stackheap.o ABSOLUTE
    ../clib/angel/sys.s                      0x00000000   Number         0  sys_stackheap_hlt.o ABSOLUTE
    ../clib/angel/sys.s                      0x00000000   Number         0  use_no_semi.o ABSOLUTE
    ../clib/angel/sys.s                      0x00000000   Number         0  indicate_semi.o ABSOLUTE
    ../clib/angel/sysapp.c                   0x00000000   Number         0  sys_exit.o ABSOLUTE
    ../clib/angel/sysapp.c                   0x00000000   Number         0  sys_exit_hlt.o ABSOLUTE
    ../clib/angel/sysapp.c                   0x00000000   Number         0  sys_command.o ABSOLUTE
    ../clib/angel/sysapp.c                   0x00000000   Number         0  sys_command_hlt.o ABSOLUTE
    ../clib/angel/sysapp.c                   0x00000000   Number         0  sys_wrch.o ABSOLUTE
    ../clib/angel/sysapp.c                   0x00000000   Number         0  sys_wrch_hlt.o ABSOLUTE
    ../clib/armsys.c                         0x00000000   Number         0  argv_veneer.o ABSOLUTE
    ../clib/armsys.c                         0x00000000   Number         0  argv_veneer.o ABSOLUTE
    ../clib/armsys.c                         0x00000000   Number         0  _get_argv_nomalloc.o ABSOLUTE
    ../clib/armsys.c                         0x00000000   Number         0  no_argv.o ABSOLUTE
    ../clib/heapalloc.c                      0x00000000   Number         0  hrguard.o ABSOLUTE
    ../clib/libinit.s                        0x00000000   Number         0  libinit.o ABSOLUTE
    ../clib/libinit.s                        0x00000000   Number         0  libinit2.o ABSOLUTE
    ../clib/libinit.s                        0x00000000   Number         0  libinit5.o ABSOLUTE
    ../clib/libinit.s                        0x00000000   Number         0  libshutdown.o ABSOLUTE
    ../clib/libinit.s                        0x00000000   Number         0  libshutdown2.o ABSOLUTE
    ../clib/signal.c                         0x00000000   Number         0  defsig_rtmem_outer.o ABSOLUTE
    ../clib/signal.c                         0x00000000   Number         0  defsig_rtmem_formal.o ABSOLUTE
    ../clib/signal.c                         0x00000000   Number         0  defsig_exit.o ABSOLUTE
    ../clib/signal.c                         0x00000000   Number         0  defsig_rtmem_inner.o ABSOLUTE
    ../clib/signal.c                         0x00000000   Number         0  __raise.o ABSOLUTE
    ../clib/signal.c                         0x00000000   Number         0  defsig_general.o ABSOLUTE
    ../clib/signal.c                         0x00000000   Number         0  defsig_abrt_inner.o ABSOLUTE
    ../clib/signal.c                         0x00000000   Number         0  defsig_fpe_inner.o ABSOLUTE
    ../clib/signal.c                         0x00000000   Number         0  defsig_rtred_inner.o ABSOLUTE
    ../clib/signal.c                         0x00000000   Number         0  defsig_stak_inner.o ABSOLUTE
    ../clib/signal.c                         0x00000000   Number         0  defsig_pvfn_inner.o ABSOLUTE
    ../clib/signal.c                         0x00000000   Number         0  defsig_cppl_inner.o ABSOLUTE
    ../clib/signal.c                         0x00000000   Number         0  defsig_segv_inner.o ABSOLUTE
    ../clib/signal.c                         0x00000000   Number         0  defsig_other.o ABSOLUTE
    ../clib/signal.s                         0x00000000   Number         0  defsig.o ABSOLUTE
    ../clib/stdlib.c                         0x00000000   Number         0  exit.o ABSOLUTE
    ../fplib/fpinit.s                        0x00000000   Number         0  fpinit.o ABSOLUTE
    RTE\Device\S32K144HAxxxLLx\startup_S32K144.S 0x00000000   Number         0  startup_s32k144.o ABSOLUTE
    clock_S32K1xx.c                          0x00000000   Number         0  clock_s32k1xx.o ABSOLUTE
    dc.s                                     0x00000000   Number         0  dc.o ABSOLUTE
    interrupt_manager.c                      0x00000000   Number         0  interrupt_manager.o ABSOLUTE
    main.c                                   0x00000000   Number         0  main.o ABSOLUTE
    pins_driver.c                            0x00000000   Number         0  pins_driver.o ABSOLUTE
    pins_port_hw_access.c                    0x00000000   Number         0  pins_port_hw_access.o ABSOLUTE
    startup.c                                0x00000000   Number         0  startup.o ABSOLUTE
    system_S32K144.c                         0x00000000   Number         0  system_s32k144.o ABSOLUTE
    RESET                                    0x00000000   Section      560  startup_s32k144.o(RESET)
    FlashConfig                              0x00000400   Section       16  startup_s32k144.o(FlashConfig)
    !!!main                                  0x00000410   Section        8  __main.o(!!!main)
    !!!scatter                               0x00000418   Section       52  __scatter.o(!!!scatter)
    !!handler_zi                             0x0000044c   Section       28  __scatter_zi.o(!!handler_zi)
    .ARM.Collect$$libinit$$00000000          0x00000468   Section        2  libinit.o(.ARM.Collect$$libinit$$00000000)
    .ARM.Collect$$libinit$$00000001          0x0000046a   Section        4  libinit2.o(.ARM.Collect$$libinit$$00000001)
    .ARM.Collect$$libinit$$00000004          0x0000046e   Section        0  libinit2.o(.ARM.Collect$$libinit$$00000004)
    .ARM.Collect$$libinit$$00000006          0x0000046e   Section        0  libinit2.o(.ARM.Collect$$libinit$$00000006)
    .ARM.Collect$$libinit$$0000000C          0x0000046e   Section        0  libinit2.o(.ARM.Collect$$libinit$$0000000C)
    .ARM.Collect$$libinit$$0000000E          0x0000046e   Section        0  libinit2.o(.ARM.Collect$$libinit$$0000000E)
    .ARM.Collect$$libinit$$00000010          0x0000046e   Section        0  libinit2.o(.ARM.Collect$$libinit$$00000010)
    .ARM.Collect$$libinit$$00000013          0x0000046e   Section        0  libinit2.o(.ARM.Collect$$libinit$$00000013)
    .ARM.Collect$$libinit$$00000015          0x0000046e   Section        0  libinit2.o(.ARM.Collect$$libinit$$00000015)
    .ARM.Collect$$libinit$$00000017          0x0000046e   Section        0  libinit2.o(.ARM.Collect$$libinit$$00000017)
    .ARM.Collect$$libinit$$00000019          0x0000046e   Section        0  libinit2.o(.ARM.Collect$$libinit$$00000019)
    .ARM.Collect$$libinit$$0000001B          0x0000046e   Section        0  libinit2.o(.ARM.Collect$$libinit$$0000001B)
    .ARM.Collect$$libinit$$0000001D          0x0000046e   Section        0  libinit2.o(.ARM.Collect$$libinit$$0000001D)
    .ARM.Collect$$libinit$$0000001F          0x0000046e   Section        0  libinit2.o(.ARM.Collect$$libinit$$0000001F)
    .ARM.Collect$$libinit$$00000021          0x0000046e   Section        0  libinit2.o(.ARM.Collect$$libinit$$00000021)
    .ARM.Collect$$libinit$$00000023          0x0000046e   Section        0  libinit2.o(.ARM.Collect$$libinit$$00000023)
    .ARM.Collect$$libinit$$00000025          0x0000046e   Section        0  libinit2.o(.ARM.Collect$$libinit$$00000025)
    .ARM.Collect$$libinit$$00000027          0x0000046e   Section        0  libinit2.o(.ARM.Collect$$libinit$$00000027)
    .ARM.Collect$$libinit$$0000002E          0x0000046e   Section        0  libinit2.o(.ARM.Collect$$libinit$$0000002E)
    .ARM.Collect$$libinit$$00000030          0x0000046e   Section        0  libinit2.o(.ARM.Collect$$libinit$$00000030)
    .ARM.Collect$$libinit$$00000032          0x0000046e   Section        0  libinit2.o(.ARM.Collect$$libinit$$00000032)
    .ARM.Collect$$libinit$$00000034          0x0000046e   Section        0  libinit2.o(.ARM.Collect$$libinit$$00000034)
    .ARM.Collect$$libinit$$00000035          0x0000046e   Section        2  libinit2.o(.ARM.Collect$$libinit$$00000035)
    .ARM.Collect$$libshutdown$$00000000      0x00000470   Section        2  libshutdown.o(.ARM.Collect$$libshutdown$$00000000)
    .ARM.Collect$$libshutdown$$00000002      0x00000472   Section        0  libshutdown2.o(.ARM.Collect$$libshutdown$$00000002)
    .ARM.Collect$$libshutdown$$00000004      0x00000472   Section        0  libshutdown2.o(.ARM.Collect$$libshutdown$$00000004)
    .ARM.Collect$$libshutdown$$00000007      0x00000472   Section        0  libshutdown2.o(.ARM.Collect$$libshutdown$$00000007)
    .ARM.Collect$$libshutdown$$0000000A      0x00000472   Section        0  libshutdown2.o(.ARM.Collect$$libshutdown$$0000000A)
    .ARM.Collect$$libshutdown$$0000000C      0x00000472   Section        0  libshutdown2.o(.ARM.Collect$$libshutdown$$0000000C)
    .ARM.Collect$$libshutdown$$0000000F      0x00000472   Section        0  libshutdown2.o(.ARM.Collect$$libshutdown$$0000000F)
    .ARM.Collect$$libshutdown$$00000010      0x00000472   Section        2  libshutdown2.o(.ARM.Collect$$libshutdown$$00000010)
    .ARM.Collect$$rtentry$$00000000          0x00000474   Section        0  __rtentry.o(.ARM.Collect$$rtentry$$00000000)
    .ARM.Collect$$rtentry$$00000002          0x00000474   Section        0  __rtentry2.o(.ARM.Collect$$rtentry$$00000002)
    .ARM.Collect$$rtentry$$00000007          0x00000474   Section        4  __rtentry7.o(.ARM.Collect$$rtentry$$00000007)
    .ARM.Collect$$rtentry$$00000009          0x00000478   Section        0  __rtentry2.o(.ARM.Collect$$rtentry$$00000009)
    .ARM.Collect$$rtentry$$0000000A          0x00000478   Section        4  __rtentry2.o(.ARM.Collect$$rtentry$$0000000A)
    .ARM.Collect$$rtentry$$0000000C          0x0000047c   Section        0  __rtentry2.o(.ARM.Collect$$rtentry$$0000000C)
    .ARM.Collect$$rtentry$$0000000D          0x0000047c   Section        8  __rtentry2.o(.ARM.Collect$$rtentry$$0000000D)
    __lit__00000000                          0x00000484   Data           4  __rtentry7.o(.ARM.Collect$$rtentry$$00002718)
    .ARM.Collect$$rtentry$$00002718          0x00000484   Section        4  __rtentry7.o(.ARM.Collect$$rtentry$$00002718)
    .ARM.Collect$$rtexit$$00000000           0x00000488   Section        2  rtexit.o(.ARM.Collect$$rtexit$$00000000)
    .ARM.Collect$$rtexit$$00000002           0x0000048a   Section        0  rtexit2.o(.ARM.Collect$$rtexit$$00000002)
    .ARM.Collect$$rtexit$$00000003           0x0000048a   Section        4  rtexit2.o(.ARM.Collect$$rtexit$$00000003)
    .ARM.Collect$$rtexit$$00000004           0x0000048e   Section        6  rtexit2.o(.ARM.Collect$$rtexit$$00000004)
    .text                                    0x00000494   Section      156  startup_s32k144.o(.text)
    $v0                                      0x000004e8   Number         0  startup_s32k144.o(.text)
    .text                                    0x00000530   Section        0  exit.o(.text)
    .text                                    0x00000542   Section        2  use_no_semi.o(.text)
    .text                                    0x00000544   Section        0  indicate_semi.o(.text)
    .text                                    0x00000544   Section        0  sys_exit.o(.text)
    [Anonymous Symbol]                       0x00000550   Section        0  system_s32k144.o(.text.SystemInit)
    [Anonymous Symbol]                       0x00000590   Section        0  startup.o(.text.init_data_bss)
    [Anonymous Symbol]                       0x000005e0   Section        0  main.o(.text.main)
    $v0                                      0x000006e8   Number         0  fpinit.o(x$fpl$fpinit)
    x$fpl$fpinit                             0x000006e8   Section       26  fpinit.o(x$fpl$fpinit)
    count                                    0x20000000   Data           4  main.o(.bss.count)
    [Anonymous Symbol]                       0x20000000   Section        0  main.o(.bss.count)

    Global Symbols

    Symbol Name                              Value     Ov Type        Size  Object(Section)

    BuildAttributes$$THM_ISAv4$E$P$D$K$B$S$7EM$VFPi3$EXTD16$VFPS$VFMA$PE$A:L22UL41UL21$X:L11$S22US41US21$IEEE1$IW$~IW$USESV6$~STKCKD$USESV7$~SHL$OTIME$ROPI$EBA8$UX$STANDARDLIB$REQ8$PRES8$EABIv2 0x00000000   Number         0  anon$$obj.o ABSOLUTE
    Image$$RW_m_code$$Length                 0x00000000   Number         0  anon$$obj.o ABSOLUTE
    Image$$RW_m_data$$Length                 0x00000000   Number         0  anon$$obj.o ABSOLUTE
    Image$$VECTOR_RAM$$Length                0x00000000   Number         0  anon$$obj.o ABSOLUTE
    Image$$VECTOR_ROM$$Base                  0x00000000   Number         0  anon$$obj.o ABSOLUTE
    __Vectors                                0x00000000   Data           4  startup_s32k144.o(RESET)
    Image$$ZI$$Limit                          - Undefined Weak Reference
    __ARM_exceptions_init                     - Undefined Weak Reference
    __alloca_initialize                       - Undefined Weak Reference
    __arm_preinit_                            - Undefined Weak Reference
    __arm_relocate_pie_                       - Undefined Weak Reference
    __cpp_initialize__aeabi_                  - Undefined Weak Reference
    __cxa_finalize                            - Undefined Weak Reference
    __rt_locale                               - Undefined Weak Reference
    __sigvec_lookup                           - Undefined Weak Reference
    _atexit_init                              - Undefined Weak Reference
    _call_atexit_fns                          - Undefined Weak Reference
    _clock_init                               - Undefined Weak Reference
    _fp_trap_init                             - Undefined Weak Reference
    _fp_trap_shutdown                         - Undefined Weak Reference
    _get_lc_collate                           - Undefined Weak Reference
    _get_lc_ctype                             - Undefined Weak Reference
    _get_lc_monetary                          - Undefined Weak Reference
    _get_lc_numeric                           - Undefined Weak Reference
    _get_lc_time                              - Undefined Weak Reference
    _getenv_init                              - Undefined Weak Reference
    _handle_redirection                       - Undefined Weak Reference
    _init_alloc                               - Undefined Weak Reference
    _init_user_alloc                          - Undefined Weak Reference
    _initio                                   - Undefined Weak Reference
    _rand_init                                - Undefined Weak Reference
    _signal_finish                            - Undefined Weak Reference
    _signal_init                              - Undefined Weak Reference
    _terminate_alloc                          - Undefined Weak Reference
    _terminate_user_alloc                     - Undefined Weak Reference
    _terminateio                              - Undefined Weak Reference
    Image$$VECTOR_ROM$$Length                0x00000230   Number         0  anon$$obj.o ABSOLUTE
    Image$$VECTOR_ROM$$Limit                 0x00000230   Number         0  anon$$obj.o ABSOLUTE
    Image$$ER_m_text_const$$Base             0x00000410   Number         0  anon$$obj.o ABSOLUTE
    Image$$ER_m_text_const$$Limit            0x00000410   Number         0  anon$$obj.o ABSOLUTE
    __main                                   0x00000411   Thumb Code     8  __main.o(!!!main)
    __scatterload                            0x00000419   Thumb Code     0  __scatter.o(!!!scatter)
    __scatterload_rt2                        0x00000419   Thumb Code    44  __scatter.o(!!!scatter)
    __scatterload_rt2_thumb_only             0x00000419   Thumb Code     0  __scatter.o(!!!scatter)
    __scatterload_null                       0x00000427   Thumb Code     0  __scatter.o(!!!scatter)
    __scatterload_zeroinit                   0x0000044d   Thumb Code    28  __scatter_zi.o(!!handler_zi)
    __rt_lib_init                            0x00000469   Thumb Code     0  libinit.o(.ARM.Collect$$libinit$$00000000)
    __rt_lib_init_fp_1                       0x0000046b   Thumb Code     0  libinit2.o(.ARM.Collect$$libinit$$00000001)
    __rt_lib_init_alloca_1                   0x0000046f   Thumb Code     0  libinit2.o(.ARM.Collect$$libinit$$00000030)
    __rt_lib_init_argv_1                     0x0000046f   Thumb Code     0  libinit2.o(.ARM.Collect$$libinit$$0000002E)
    __rt_lib_init_atexit_1                   0x0000046f   Thumb Code     0  libinit2.o(.ARM.Collect$$libinit$$0000001D)
    __rt_lib_init_clock_1                    0x0000046f   Thumb Code     0  libinit2.o(.ARM.Collect$$libinit$$00000023)
    __rt_lib_init_cpp_1                      0x0000046f   Thumb Code     0  libinit2.o(.ARM.Collect$$libinit$$00000034)
    __rt_lib_init_exceptions_1               0x0000046f   Thumb Code     0  libinit2.o(.ARM.Collect$$libinit$$00000032)
    __rt_lib_init_fp_trap_1                  0x0000046f   Thumb Code     0  libinit2.o(.ARM.Collect$$libinit$$00000021)
    __rt_lib_init_getenv_1                   0x0000046f   Thumb Code     0  libinit2.o(.ARM.Collect$$libinit$$00000025)
    __rt_lib_init_heap_1                     0x0000046f   Thumb Code     0  libinit2.o(.ARM.Collect$$libinit$$0000000C)
    __rt_lib_init_lc_collate_1               0x0000046f   Thumb Code     0  libinit2.o(.ARM.Collect$$libinit$$00000013)
    __rt_lib_init_lc_ctype_1                 0x0000046f   Thumb Code     0  libinit2.o(.ARM.Collect$$libinit$$00000015)
    __rt_lib_init_lc_monetary_1              0x0000046f   Thumb Code     0  libinit2.o(.ARM.Collect$$libinit$$00000017)
    __rt_lib_init_lc_numeric_1               0x0000046f   Thumb Code     0  libinit2.o(.ARM.Collect$$libinit$$00000019)
    __rt_lib_init_lc_time_1                  0x0000046f   Thumb Code     0  libinit2.o(.ARM.Collect$$libinit$$0000001B)
    __rt_lib_init_preinit_1                  0x0000046f   Thumb Code     0  libinit2.o(.ARM.Collect$$libinit$$00000006)
    __rt_lib_init_rand_1                     0x0000046f   Thumb Code     0  libinit2.o(.ARM.Collect$$libinit$$00000010)
    __rt_lib_init_relocate_pie_1             0x0000046f   Thumb Code     0  libinit2.o(.ARM.Collect$$libinit$$00000004)
    __rt_lib_init_return                     0x0000046f   Thumb Code     0  libinit2.o(.ARM.Collect$$libinit$$00000035)
    __rt_lib_init_signal_1                   0x0000046f   Thumb Code     0  libinit2.o(.ARM.Collect$$libinit$$0000001F)
    __rt_lib_init_stdio_1                    0x0000046f   Thumb Code     0  libinit2.o(.ARM.Collect$$libinit$$00000027)
    __rt_lib_init_user_alloc_1               0x0000046f   Thumb Code     0  libinit2.o(.ARM.Collect$$libinit$$0000000E)
    __rt_lib_shutdown                        0x00000471   Thumb Code     0  libshutdown.o(.ARM.Collect$$libshutdown$$00000000)
    __rt_lib_shutdown_cpp_1                  0x00000473   Thumb Code     0  libshutdown2.o(.ARM.Collect$$libshutdown$$00000002)
    __rt_lib_shutdown_fp_trap_1              0x00000473   Thumb Code     0  libshutdown2.o(.ARM.Collect$$libshutdown$$00000007)
    __rt_lib_shutdown_heap_1                 0x00000473   Thumb Code     0  libshutdown2.o(.ARM.Collect$$libshutdown$$0000000F)
    __rt_lib_shutdown_return                 0x00000473   Thumb Code     0  libshutdown2.o(.ARM.Collect$$libshutdown$$00000010)
    __rt_lib_shutdown_signal_1               0x00000473   Thumb Code     0  libshutdown2.o(.ARM.Collect$$libshutdown$$0000000A)
    __rt_lib_shutdown_stdio_1                0x00000473   Thumb Code     0  libshutdown2.o(.ARM.Collect$$libshutdown$$00000004)
    __rt_lib_shutdown_user_alloc_1           0x00000473   Thumb Code     0  libshutdown2.o(.ARM.Collect$$libshutdown$$0000000C)
    __rt_entry                               0x00000475   Thumb Code     0  __rtentry.o(.ARM.Collect$$rtentry$$00000000)
    __rt_entry_presh_1                       0x00000475   Thumb Code     0  __rtentry2.o(.ARM.Collect$$rtentry$$00000002)
    __rt_entry_sh                            0x00000475   Thumb Code     0  __rtentry7.o(.ARM.Collect$$rtentry$$00000007)
    __rt_entry_li                            0x00000479   Thumb Code     0  __rtentry2.o(.ARM.Collect$$rtentry$$0000000A)
    __rt_entry_postsh_1                      0x00000479   Thumb Code     0  __rtentry2.o(.ARM.Collect$$rtentry$$00000009)
    __rt_entry_main                          0x0000047d   Thumb Code     0  __rtentry2.o(.ARM.Collect$$rtentry$$0000000D)
    __rt_entry_postli_1                      0x0000047d   Thumb Code     0  __rtentry2.o(.ARM.Collect$$rtentry$$0000000C)
    __rt_exit                                0x00000489   Thumb Code     0  rtexit.o(.ARM.Collect$$rtexit$$00000000)
    __rt_exit_ls                             0x0000048b   Thumb Code     0  rtexit2.o(.ARM.Collect$$rtexit$$00000003)
    __rt_exit_prels_1                        0x0000048b   Thumb Code     0  rtexit2.o(.ARM.Collect$$rtexit$$00000002)
    __rt_exit_exit                           0x0000048f   Thumb Code     0  rtexit2.o(.ARM.Collect$$rtexit$$00000004)
    __RAM_VECTOR_TABLE_SIZE                  0x00000494   Data           4  startup_s32k144.o(.text)
    __VECTOR_RAM                             0x00000498   Data           4  startup_s32k144.o(.text)
    __VECTOR_ROM                             0x0000049c   Data           4  startup_s32k144.o(.text)
    __VECTOR_ROM_START                       0x000004a0   Data           4  startup_s32k144.o(.text)
    __VECTOR_ROM_END                         0x000004a4   Data           4  startup_s32k144.o(.text)
    __CODE_ROM                               0x000004a8   Data           4  startup_s32k144.o(.text)
    __CODE_END                               0x000004ac   Data           4  startup_s32k144.o(.text)
    __CODE_RAM                               0x000004b0   Data           4  startup_s32k144.o(.text)
    __CODE_RAM_START                         0x000004b4   Data           4  startup_s32k144.o(.text)
    __CODE_RAM_END                           0x000004b8   Data           4  startup_s32k144.o(.text)
    __BSS_START                              0x000004bc   Data           4  startup_s32k144.o(.text)
    __BSS_END                                0x000004c0   Data           4  startup_s32k144.o(.text)
    __DATA_RAM                               0x000004c4   Data           4  startup_s32k144.o(.text)
    __DATA_RAM_START                         0x000004c8   Data           4  startup_s32k144.o(.text)
    __DATA_RAM_END                           0x000004cc   Data           4  startup_s32k144.o(.text)
    __DATA_ROM                               0x000004d0   Data           4  startup_s32k144.o(.text)
    __DATA_END                               0x000004d4   Data           4  startup_s32k144.o(.text)
    __CUSTOM_SECTION_START                   0x000004d8   Data           4  startup_s32k144.o(.text)
    __CUSTOM_SECTION_END                     0x000004dc   Data           4  startup_s32k144.o(.text)
    __RAM_START                              0x000004e0   Data           4  startup_s32k144.o(.text)
    __RAM_END                                0x000004e4   Data           4  startup_s32k144.o(.text)
    Reset_Handler                            0x000004e9   Thumb Code    28  startup_s32k144.o(.text)
    NMI_Handler                              0x00000505   Thumb Code     2  startup_s32k144.o(.text)
    HardFault_Handler                        0x00000507   Thumb Code     2  startup_s32k144.o(.text)
    MemManage_Handler                        0x00000509   Thumb Code     2  startup_s32k144.o(.text)
    BusFault_Handler                         0x0000050b   Thumb Code     2  startup_s32k144.o(.text)
    UsageFault_Handler                       0x0000050d   Thumb Code     2  startup_s32k144.o(.text)
    SVC_Handler                              0x0000050f   Thumb Code     2  startup_s32k144.o(.text)
    DebugMon_Handler                         0x00000511   Thumb Code     2  startup_s32k144.o(.text)
    PendSV_Handler                           0x00000513   Thumb Code     2  startup_s32k144.o(.text)
    SysTick_Handler                          0x00000515   Thumb Code     2  startup_s32k144.o(.text)
    DefaultISR                               0x00000517   Thumb Code     2  startup_s32k144.o(.text)
    ADC0_IRQHandler                          0x00000519   Thumb Code     0  startup_s32k144.o(.text)
    ADC1_IRQHandler                          0x00000519   Thumb Code     0  startup_s32k144.o(.text)
    CAN0_Error_IRQHandler                    0x00000519   Thumb Code     0  startup_s32k144.o(.text)
    CAN0_ORed_0_15_MB_IRQHandler             0x00000519   Thumb Code     0  startup_s32k144.o(.text)
    CAN0_ORed_16_31_MB_IRQHandler            0x00000519   Thumb Code     0  startup_s32k144.o(.text)
    CAN0_ORed_IRQHandler                     0x00000519   Thumb Code     0  startup_s32k144.o(.text)
    CAN0_Wake_Up_IRQHandler                  0x00000519   Thumb Code     0  startup_s32k144.o(.text)
    CAN1_Error_IRQHandler                    0x00000519   Thumb Code     0  startup_s32k144.o(.text)
    CAN1_ORed_0_15_MB_IRQHandler             0x00000519   Thumb Code     0  startup_s32k144.o(.text)
    CAN1_ORed_IRQHandler                     0x00000519   Thumb Code     0  startup_s32k144.o(.text)
    CAN2_Error_IRQHandler                    0x00000519   Thumb Code     0  startup_s32k144.o(.text)
    CAN2_ORed_0_15_MB_IRQHandler             0x00000519   Thumb Code     0  startup_s32k144.o(.text)
    CAN2_ORed_IRQHandler                     0x00000519   Thumb Code     0  startup_s32k144.o(.text)
    CMP0_IRQHandler                          0x00000519   Thumb Code     0  startup_s32k144.o(.text)
    DMA0_IRQHandler                          0x00000519   Thumb Code     0  startup_s32k144.o(.text)
    DMA10_IRQHandler                         0x00000519   Thumb Code     0  startup_s32k144.o(.text)
    DMA11_IRQHandler                         0x00000519   Thumb Code     0  startup_s32k144.o(.text)
    DMA12_IRQHandler                         0x00000519   Thumb Code     0  startup_s32k144.o(.text)
    DMA13_IRQHandler                         0x00000519   Thumb Code     0  startup_s32k144.o(.text)
    DMA14_IRQHandler                         0x00000519   Thumb Code     0  startup_s32k144.o(.text)
    DMA15_IRQHandler                         0x00000519   Thumb Code     0  startup_s32k144.o(.text)
    DMA1_IRQHandler                          0x00000519   Thumb Code     0  startup_s32k144.o(.text)
    DMA2_IRQHandler                          0x00000519   Thumb Code     0  startup_s32k144.o(.text)
    DMA3_IRQHandler                          0x00000519   Thumb Code     0  startup_s32k144.o(.text)
    DMA4_IRQHandler                          0x00000519   Thumb Code     0  startup_s32k144.o(.text)
    DMA5_IRQHandler                          0x00000519   Thumb Code     0  startup_s32k144.o(.text)
    DMA6_IRQHandler                          0x00000519   Thumb Code     0  startup_s32k144.o(.text)
    DMA7_IRQHandler                          0x00000519   Thumb Code     0  startup_s32k144.o(.text)
    DMA8_IRQHandler                          0x00000519   Thumb Code     0  startup_s32k144.o(.text)
    DMA9_IRQHandler                          0x00000519   Thumb Code     0  startup_s32k144.o(.text)
    DMA_Error_IRQHandler                     0x00000519   Thumb Code     0  startup_s32k144.o(.text)
    ERM_double_fault_IRQHandler              0x00000519   Thumb Code     0  startup_s32k144.o(.text)
    ERM_single_fault_IRQHandler              0x00000519   Thumb Code     0  startup_s32k144.o(.text)
    FLEXIO_IRQHandler                        0x00000519   Thumb Code     0  startup_s32k144.o(.text)
    FTFC_Fault_IRQHandler                    0x00000519   Thumb Code     0  startup_s32k144.o(.text)
    FTFC_IRQHandler                          0x00000519   Thumb Code     0  startup_s32k144.o(.text)
    FTM0_Ch0_Ch1_IRQHandler                  0x00000519   Thumb Code     0  startup_s32k144.o(.text)
    FTM0_Ch2_Ch3_IRQHandler                  0x00000519   Thumb Code     0  startup_s32k144.o(.text)
    FTM0_Ch4_Ch5_IRQHandler                  0x00000519   Thumb Code     0  startup_s32k144.o(.text)
    FTM0_Ch6_Ch7_IRQHandler                  0x00000519   Thumb Code     0  startup_s32k144.o(.text)
    FTM0_Fault_IRQHandler                    0x00000519   Thumb Code     0  startup_s32k144.o(.text)
    FTM0_Ovf_Reload_IRQHandler               0x00000519   Thumb Code     0  startup_s32k144.o(.text)
    FTM1_Ch0_Ch1_IRQHandler                  0x00000519   Thumb Code     0  startup_s32k144.o(.text)
    FTM1_Ch2_Ch3_IRQHandler                  0x00000519   Thumb Code     0  startup_s32k144.o(.text)
    FTM1_Ch4_Ch5_IRQHandler                  0x00000519   Thumb Code     0  startup_s32k144.o(.text)
    FTM1_Ch6_Ch7_IRQHandler                  0x00000519   Thumb Code     0  startup_s32k144.o(.text)
    FTM1_Fault_IRQHandler                    0x00000519   Thumb Code     0  startup_s32k144.o(.text)
    FTM1_Ovf_Reload_IRQHandler               0x00000519   Thumb Code     0  startup_s32k144.o(.text)
    FTM2_Ch0_Ch1_IRQHandler                  0x00000519   Thumb Code     0  startup_s32k144.o(.text)
    FTM2_Ch2_Ch3_IRQHandler                  0x00000519   Thumb Code     0  startup_s32k144.o(.text)
    FTM2_Ch4_Ch5_IRQHandler                  0x00000519   Thumb Code     0  startup_s32k144.o(.text)
    FTM2_Ch6_Ch7_IRQHandler                  0x00000519   Thumb Code     0  startup_s32k144.o(.text)
    FTM2_Fault_IRQHandler                    0x00000519   Thumb Code     0  startup_s32k144.o(.text)
    FTM2_Ovf_Reload_IRQHandler               0x00000519   Thumb Code     0  startup_s32k144.o(.text)
    FTM3_Ch0_Ch1_IRQHandler                  0x00000519   Thumb Code     0  startup_s32k144.o(.text)
    FTM3_Ch2_Ch3_IRQHandler                  0x00000519   Thumb Code     0  startup_s32k144.o(.text)
    FTM3_Ch4_Ch5_IRQHandler                  0x00000519   Thumb Code     0  startup_s32k144.o(.text)
    FTM3_Ch6_Ch7_IRQHandler                  0x00000519   Thumb Code     0  startup_s32k144.o(.text)
    FTM3_Fault_IRQHandler                    0x00000519   Thumb Code     0  startup_s32k144.o(.text)
    FTM3_Ovf_Reload_IRQHandler               0x00000519   Thumb Code     0  startup_s32k144.o(.text)
    LPI2C0_Master_IRQHandler                 0x00000519   Thumb Code     0  startup_s32k144.o(.text)
    LPI2C0_Slave_IRQHandler                  0x00000519   Thumb Code     0  startup_s32k144.o(.text)
    LPIT0_Ch0_IRQHandler                     0x00000519   Thumb Code     0  startup_s32k144.o(.text)
    LPIT0_Ch1_IRQHandler                     0x00000519   Thumb Code     0  startup_s32k144.o(.text)
    LPIT0_Ch2_IRQHandler                     0x00000519   Thumb Code     0  startup_s32k144.o(.text)
    LPIT0_Ch3_IRQHandler                     0x00000519   Thumb Code     0  startup_s32k144.o(.text)
    LPSPI0_IRQHandler                        0x00000519   Thumb Code     0  startup_s32k144.o(.text)
    LPSPI1_IRQHandler                        0x00000519   Thumb Code     0  startup_s32k144.o(.text)
    LPSPI2_IRQHandler                        0x00000519   Thumb Code     0  startup_s32k144.o(.text)
    LPTMR0_IRQHandler                        0x00000519   Thumb Code     0  startup_s32k144.o(.text)
    LPUART0_RxTx_IRQHandler                  0x00000519   Thumb Code     0  startup_s32k144.o(.text)
    LPUART1_RxTx_IRQHandler                  0x00000519   Thumb Code     0  startup_s32k144.o(.text)
    LPUART2_RxTx_IRQHandler                  0x00000519   Thumb Code     0  startup_s32k144.o(.text)
    LVD_LVW_IRQHandler                       0x00000519   Thumb Code     0  startup_s32k144.o(.text)
    MCM_IRQHandler                           0x00000519   Thumb Code     0  startup_s32k144.o(.text)
    PDB0_IRQHandler                          0x00000519   Thumb Code     0  startup_s32k144.o(.text)
    PDB1_IRQHandler                          0x00000519   Thumb Code     0  startup_s32k144.o(.text)
    PORTA_IRQHandler                         0x00000519   Thumb Code     0  startup_s32k144.o(.text)
    PORTB_IRQHandler                         0x00000519   Thumb Code     0  startup_s32k144.o(.text)
    PORTC_IRQHandler                         0x00000519   Thumb Code     0  startup_s32k144.o(.text)
    PORTD_IRQHandler                         0x00000519   Thumb Code     0  startup_s32k144.o(.text)
    PORTE_IRQHandler                         0x00000519   Thumb Code     0  startup_s32k144.o(.text)
    RCM_IRQHandler                           0x00000519   Thumb Code     0  startup_s32k144.o(.text)
    RTC_IRQHandler                           0x00000519   Thumb Code     0  startup_s32k144.o(.text)
    RTC_Seconds_IRQHandler                   0x00000519   Thumb Code     0  startup_s32k144.o(.text)
    Read_Collision_IRQHandler                0x00000519   Thumb Code     0  startup_s32k144.o(.text)
    Reserved100_IRQHandler                   0x00000519   Thumb Code     0  startup_s32k144.o(.text)
    Reserved103_IRQHandler                   0x00000519   Thumb Code     0  startup_s32k144.o(.text)
    Reserved105_IRQHandler                   0x00000519   Thumb Code     0  startup_s32k144.o(.text)
    Reserved106_IRQHandler                   0x00000519   Thumb Code     0  startup_s32k144.o(.text)
    Reserved107_IRQHandler                   0x00000519   Thumb Code     0  startup_s32k144.o(.text)
    Reserved110_IRQHandler                   0x00000519   Thumb Code     0  startup_s32k144.o(.text)
    Reserved112_IRQHandler                   0x00000519   Thumb Code     0  startup_s32k144.o(.text)
    Reserved113_IRQHandler                   0x00000519   Thumb Code     0  startup_s32k144.o(.text)
    Reserved114_IRQHandler                   0x00000519   Thumb Code     0  startup_s32k144.o(.text)
    Reserved45_IRQHandler                    0x00000519   Thumb Code     0  startup_s32k144.o(.text)
    Reserved46_IRQHandler                    0x00000519   Thumb Code     0  startup_s32k144.o(.text)
    Reserved48_IRQHandler                    0x00000519   Thumb Code     0  startup_s32k144.o(.text)
    Reserved50_IRQHandler                    0x00000519   Thumb Code     0  startup_s32k144.o(.text)
    Reserved52_IRQHandler                    0x00000519   Thumb Code     0  startup_s32k144.o(.text)
    Reserved53_IRQHandler                    0x00000519   Thumb Code     0  startup_s32k144.o(.text)
    Reserved54_IRQHandler                    0x00000519   Thumb Code     0  startup_s32k144.o(.text)
    Reserved58_IRQHandler                    0x00000519   Thumb Code     0  startup_s32k144.o(.text)
    Reserved59_IRQHandler                    0x00000519   Thumb Code     0  startup_s32k144.o(.text)
    Reserved69_IRQHandler                    0x00000519   Thumb Code     0  startup_s32k144.o(.text)
    Reserved70_IRQHandler                    0x00000519   Thumb Code     0  startup_s32k144.o(.text)
    Reserved71_IRQHandler                    0x00000519   Thumb Code     0  startup_s32k144.o(.text)
    Reserved72_IRQHandler                    0x00000519   Thumb Code     0  startup_s32k144.o(.text)
    Reserved81_IRQHandler                    0x00000519   Thumb Code     0  startup_s32k144.o(.text)
    Reserved82_IRQHandler                    0x00000519   Thumb Code     0  startup_s32k144.o(.text)
    Reserved83_IRQHandler                    0x00000519   Thumb Code     0  startup_s32k144.o(.text)
    Reserved86_IRQHandler                    0x00000519   Thumb Code     0  startup_s32k144.o(.text)
    Reserved87_IRQHandler                    0x00000519   Thumb Code     0  startup_s32k144.o(.text)
    Reserved88_IRQHandler                    0x00000519   Thumb Code     0  startup_s32k144.o(.text)
    Reserved89_IRQHandler                    0x00000519   Thumb Code     0  startup_s32k144.o(.text)
    Reserved90_IRQHandler                    0x00000519   Thumb Code     0  startup_s32k144.o(.text)
    Reserved91_IRQHandler                    0x00000519   Thumb Code     0  startup_s32k144.o(.text)
    Reserved92_IRQHandler                    0x00000519   Thumb Code     0  startup_s32k144.o(.text)
    Reserved93_IRQHandler                    0x00000519   Thumb Code     0  startup_s32k144.o(.text)
    Reserved99_IRQHandler                    0x00000519   Thumb Code     0  startup_s32k144.o(.text)
    SCG_IRQHandler                           0x00000519   Thumb Code     0  startup_s32k144.o(.text)
    SWI_IRQHandler                           0x00000519   Thumb Code     0  startup_s32k144.o(.text)
    WDOG_EWM_IRQHandler                      0x00000519   Thumb Code     0  startup_s32k144.o(.text)
    exit                                     0x00000531   Thumb Code    18  exit.o(.text)
    __I$use$semihosting                      0x00000543   Thumb Code     0  use_no_semi.o(.text)
    __use_no_semihosting_swi                 0x00000543   Thumb Code     2  use_no_semi.o(.text)
    __semihosting_library_function           0x00000545   Thumb Code     0  indicate_semi.o(.text)
    _sys_exit                                0x00000545   Thumb Code     8  sys_exit.o(.text)
    SystemInit                               0x00000551   Thumb Code    64  system_s32k144.o(.text.SystemInit)
    init_data_bss                            0x00000591   Thumb Code    80  startup.o(.text.init_data_bss)
    main                                     0x000005e1   Thumb Code   228  main.o(.text.main)
    _fp_init                                 0x000006e9   Thumb Code    26  fpinit.o(x$fpl$fpinit)
    __fplib_config_fpu_vfp                   0x00000701   Thumb Code     0  fpinit.o(x$fpl$fpinit)
    __fplib_config_pureend_doubles           0x00000701   Thumb Code     0  fpinit.o(x$fpl$fpinit)
    Region$$Table$$Base                      0x00000704   Number         0  anon$$obj.o(Region$$Table)
    Image$$ER_m_text$$Limit                  0x00000714   Number         0  anon$$obj.o ABSOLUTE
    Region$$Table$$Limit                     0x00000714   Number         0  anon$$obj.o(Region$$Table)
    Image$$VECTOR_RAM$$Base                  0x1fff8000   Number         0  anon$$obj.o ABSOLUTE
    Image$$RW_m_code$$Base                   0x1fff8400   Number         0  anon$$obj.o ABSOLUTE
    Image$$RW_m_code$$Limit                  0x1fff8400   Number         0  anon$$obj.o ABSOLUTE
    Image$$RW_m_data$$Base                   0x1fff8400   Number         0  anon$$obj.o ABSOLUTE
    Image$$RW_m_data$$Limit                  0x1fff8400   Number         0  anon$$obj.o ABSOLUTE
    Image$$RW_m_custom_section$$Base         0x20000000   Number         0  anon$$obj.o ABSOLUTE
    Image$$RW_m_custom_section$$Limit        0x20000000   Number         0  anon$$obj.o ABSOLUTE
    Image$$RW_m_data_2$$ZI$$Base             0x20000000   Number         0  anon$$obj.o ABSOLUTE
    Image$$ARM_LIB_HEAP$$ZI$$Base            0x20000004   Number         0  anon$$obj.o ABSOLUTE
    Image$$RW_m_data_2$$ZI$$Limit            0x20000004   Number         0  anon$$obj.o ABSOLUTE
    Image$$ARM_LIB_HEAP$$ZI$$Limit           0x20000404   Number         0  anon$$obj.o ABSOLUTE
    Image$$ARM_LIB_STACK$$Limit              0x20006c00   Number         0  anon$$obj.o ABSOLUTE
    Image$$ARM_LIB_STACK$$ZI$$Limit          0x20007000   Number         0  anon$$obj.o ABSOLUTE



==============================================================================

Memory Map of the image

  Image Entry point : 0x00000411

  Load Region LR_m_text (Base: 0x00000000, Size: 0x00000714, Max: 0x00080000, ABSOLUTE)

    Execution Region VECTOR_ROM (Exec base: 0x00000000, Load base: 0x00000000, Size: 0x00000230, Max: 0x00000400, ABSOLUTE)

    Exec Addr    Load Addr    Size         Type   Attr      Idx    E Section Name        Object

    0x00000000   0x00000000   0x00000230   Data   RO          202    RESET               startup_s32k144.o


    Execution Region ER_m_flash_config (Exec base: 0x00000400, Load base: 0x00000400, Size: 0x00000010, Max: 0x00000010, ABSOLUTE, FIXED)

    Exec Addr    Load Addr    Size         Type   Attr      Idx    E Section Name        Object

    0x00000400   0x00000400   0x00000010   Data   RO          203    FlashConfig         startup_s32k144.o


    Execution Region ER_m_text_const (Exec base: 0x00000410, Load base: 0x00000410, Size: 0x00000000, Max: 0xffffffff, ABSOLUTE)

    **** No section assigned to this execution region ****


    Execution Region ER_m_text (Exec base: 0x00000410, Load base: 0x00000410, Size: 0x00000304, Max: 0x0007fbf0, ABSOLUTE)

    Exec Addr    Load Addr    Size         Type   Attr      Idx    E Section Name        Object

    0x00000410   0x00000410   0x00000008   Code   RO          226  * !!!main             c_w.l(__main.o)
    0x00000418   0x00000418   0x00000034   Code   RO          404    !!!scatter          c_w.l(__scatter.o)
    0x0000044c   0x0000044c   0x0000001c   Code   RO          406    !!handler_zi        c_w.l(__scatter_zi.o)
    0x00000468   0x00000468   0x00000002   Code   RO          258    .ARM.Collect$$libinit$$00000000  c_w.l(libinit.o)
    0x0000046a   0x0000046a   0x00000004   Code   RO          268    .ARM.Collect$$libinit$$00000001  c_w.l(libinit2.o)
    0x0000046e   0x0000046e   0x00000000   Code   RO          271    .ARM.Collect$$libinit$$00000004  c_w.l(libinit2.o)
    0x0000046e   0x0000046e   0x00000000   Code   RO          273    .ARM.Collect$$libinit$$00000006  c_w.l(libinit2.o)
    0x0000046e   0x0000046e   0x00000000   Code   RO          276    .ARM.Collect$$libinit$$0000000C  c_w.l(libinit2.o)
    0x0000046e   0x0000046e   0x00000000   Code   RO          278    .ARM.Collect$$libinit$$0000000E  c_w.l(libinit2.o)
    0x0000046e   0x0000046e   0x00000000   Code   RO          280    .ARM.Collect$$libinit$$00000010  c_w.l(libinit2.o)
    0x0000046e   0x0000046e   0x00000000   Code   RO          283    .ARM.Collect$$libinit$$00000013  c_w.l(libinit2.o)
    0x0000046e   0x0000046e   0x00000000   Code   RO          285    .ARM.Collect$$libinit$$00000015  c_w.l(libinit2.o)
    0x0000046e   0x0000046e   0x00000000   Code   RO          287    .ARM.Collect$$libinit$$00000017  c_w.l(libinit2.o)
    0x0000046e   0x0000046e   0x00000000   Code   RO          289    .ARM.Collect$$libinit$$00000019  c_w.l(libinit2.o)
    0x0000046e   0x0000046e   0x00000000   Code   RO          291    .ARM.Collect$$libinit$$0000001B  c_w.l(libinit2.o)
    0x0000046e   0x0000046e   0x00000000   Code   RO          293    .ARM.Collect$$libinit$$0000001D  c_w.l(libinit2.o)
    0x0000046e   0x0000046e   0x00000000   Code   RO          295    .ARM.Collect$$libinit$$0000001F  c_w.l(libinit2.o)
    0x0000046e   0x0000046e   0x00000000   Code   RO          297    .ARM.Collect$$libinit$$00000021  c_w.l(libinit2.o)
    0x0000046e   0x0000046e   0x00000000   Code   RO          299    .ARM.Collect$$libinit$$00000023  c_w.l(libinit2.o)
    0x0000046e   0x0000046e   0x00000000   Code   RO          301    .ARM.Collect$$libinit$$00000025  c_w.l(libinit2.o)
    0x0000046e   0x0000046e   0x00000000   Code   RO          303    .ARM.Collect$$libinit$$00000027  c_w.l(libinit2.o)
    0x0000046e   0x0000046e   0x00000000   Code   RO          307    .ARM.Collect$$libinit$$0000002E  c_w.l(libinit2.o)
    0x0000046e   0x0000046e   0x00000000   Code   RO          309    .ARM.Collect$$libinit$$00000030  c_w.l(libinit2.o)
    0x0000046e   0x0000046e   0x00000000   Code   RO          311    .ARM.Collect$$libinit$$00000032  c_w.l(libinit2.o)
    0x0000046e   0x0000046e   0x00000000   Code   RO          313    .ARM.Collect$$libinit$$00000034  c_w.l(libinit2.o)
    0x0000046e   0x0000046e   0x00000002   Code   RO          314    .ARM.Collect$$libinit$$00000035  c_w.l(libinit2.o)
    0x00000470   0x00000470   0x00000002   Code   RO          343    .ARM.Collect$$libshutdown$$00000000  c_w.l(libshutdown.o)
    0x00000472   0x00000472   0x00000000   Code   RO          355    .ARM.Collect$$libshutdown$$00000002  c_w.l(libshutdown2.o)
    0x00000472   0x00000472   0x00000000   Code   RO          357    .ARM.Collect$$libshutdown$$00000004  c_w.l(libshutdown2.o)
    0x00000472   0x00000472   0x00000000   Code   RO          360    .ARM.Collect$$libshutdown$$00000007  c_w.l(libshutdown2.o)
    0x00000472   0x00000472   0x00000000   Code   RO          363    .ARM.Collect$$libshutdown$$0000000A  c_w.l(libshutdown2.o)
    0x00000472   0x00000472   0x00000000   Code   RO          365    .ARM.Collect$$libshutdown$$0000000C  c_w.l(libshutdown2.o)
    0x00000472   0x00000472   0x00000000   Code   RO          368    .ARM.Collect$$libshutdown$$0000000F  c_w.l(libshutdown2.o)
    0x00000472   0x00000472   0x00000002   Code   RO          369    .ARM.Collect$$libshutdown$$00000010  c_w.l(libshutdown2.o)
    0x00000474   0x00000474   0x00000000   Code   RO          228    .ARM.Collect$$rtentry$$00000000  c_w.l(__rtentry.o)
    0x00000474   0x00000474   0x00000000   Code   RO          230    .ARM.Collect$$rtentry$$00000002  c_w.l(__rtentry2.o)
    0x00000474   0x00000474   0x00000004   Code   RO          244    .ARM.Collect$$rtentry$$00000007  c_w.l(__rtentry7.o)
    0x00000478   0x00000478   0x00000000   Code   RO          232    .ARM.Collect$$rtentry$$00000009  c_w.l(__rtentry2.o)
    0x00000478   0x00000478   0x00000004   Code   RO          233    .ARM.Collect$$rtentry$$0000000A  c_w.l(__rtentry2.o)
    0x0000047c   0x0000047c   0x00000000   Code   RO          235    .ARM.Collect$$rtentry$$0000000C  c_w.l(__rtentry2.o)
    0x0000047c   0x0000047c   0x00000008   Code   RO          236    .ARM.Collect$$rtentry$$0000000D  c_w.l(__rtentry2.o)
    0x00000484   0x00000484   0x00000004   Code   RO          245    .ARM.Collect$$rtentry$$00002718  c_w.l(__rtentry7.o)
    0x00000488   0x00000488   0x00000002   Code   RO          266    .ARM.Collect$$rtexit$$00000000  c_w.l(rtexit.o)
    0x0000048a   0x0000048a   0x00000000   Code   RO          323    .ARM.Collect$$rtexit$$00000002  c_w.l(rtexit2.o)
    0x0000048a   0x0000048a   0x00000004   Code   RO          324    .ARM.Collect$$rtexit$$00000003  c_w.l(rtexit2.o)
    0x0000048e   0x0000048e   0x00000006   Code   RO          325    .ARM.Collect$$rtexit$$00000004  c_w.l(rtexit2.o)
    0x00000494   0x00000494   0x0000009c   Code   RO          201    .text               startup_s32k144.o
    0x00000530   0x00000530   0x00000012   Code   RO          251    .text               c_w.l(exit.o)
    0x00000542   0x00000542   0x00000002   Code   RO          319    .text               c_w.l(use_no_semi.o)
    0x00000544   0x00000544   0x00000000   Code   RO          321    .text               c_w.l(indicate_semi.o)
    0x00000544   0x00000544   0x0000000c   Code   RO          333    .text               c_w.l(sys_exit.o)
    0x00000550   0x00000550   0x00000040   Code   RO          210    .text.SystemInit    system_s32k144.o
    0x00000590   0x00000590   0x00000050   Code   RO           18    .text.init_data_bss  startup.o
    0x000005e0   0x000005e0   0x00000108   Code   RO            5    .text.main          main.o
    0x000006e8   0x000006e8   0x0000001a   Code   RO          331    x$fpl$fpinit        fz_wm.l(fpinit.o)
    0x00000702   0x00000702   0x00000002   PAD
    0x00000704   0x00000704   0x00000010   Data   RO          403    Region$$Table       anon$$obj.o


    Execution Region VECTOR_RAM (Exec base: 0x1fff8000, Load base: 0x00000230, Size: 0x00000400, Max: 0x00000400, ABSOLUTE)

    Exec Addr    Load Addr    Size         Type   Attr      Idx    E Section Name        Object

    0x1fff8000        -       0x00000400   Zero   RW            1    VECTOR_RAM.bss      anon$$obj.o


    Execution Region RW_m_data (Exec base: 0x1fff8400, Load base: 0x00000714, Size: 0x00000000, Max: 0xffffffff, ABSOLUTE)

    **** No section assigned to this execution region ****


    Execution Region RW_m_code (Exec base: 0x1fff8400, Load base: 0x00000714, Size: 0x00000000, Max: 0x00007c00, ABSOLUTE)

    **** No section assigned to this execution region ****


    Execution Region RW_m_custom_section (Exec base: 0x20000000, Load base: 0x00000714, Size: 0x00000000, Max: 0xffffffff, ABSOLUTE)

    **** No section assigned to this execution region ****


    Execution Region RW_m_data_2 (Exec base: 0x20000000, Load base: 0x00000714, Size: 0x00000004, Max: 0x00006800, ABSOLUTE)

    Exec Addr    Load Addr    Size         Type   Attr      Idx    E Section Name        Object

    0x20000000        -       0x00000004   Zero   RW            9    .bss.count          main.o


    Execution Region ARM_LIB_HEAP (Exec base: 0x20000004, Load base: 0x00000714, Size: 0x00000400, Max: 0x00000400, ABSOLUTE)

    Exec Addr    Load Addr    Size         Type   Attr      Idx    E Section Name        Object

    0x20000004        -       0x00000400   Zero   RW            2    ARM_LIB_HEAP.bss    anon$$obj.o


    Execution Region ARM_LIB_STACK (Exec base: 0x20006c00, Load base: 0x00000714, Size: 0x00000400, Max: 0x00000400, ABSOLUTE)

    Exec Addr    Load Addr    Size         Type   Attr      Idx    E Section Name        Object

    0x20006c00        -       0x00000400   Zero   RW            3    ARM_LIB_STACK.bss   anon$$obj.o


==============================================================================

Image component sizes


      Code (inc. data)   RO Data    RW Data    ZI Data      Debug   Object Name

       264         36          0          0          4       1559   main.o
        80          0          0          0          0       1080   startup.o
       156        106        576          0          0        912   startup_s32k144.o
        64          0          0          0          0       3055   system_s32k144.o

    ----------------------------------------------------------------------
       564        142        592          0       3076       6606   Object Totals
         0          0         16          0       3072          0   (incl. Generated)
         0          0          0          0          0          0   (incl. Padding)

    ----------------------------------------------------------------------

      Code (inc. data)   RO Data    RW Data    ZI Data      Debug   Library Member Name

         8          0          0          0          0         68   __main.o
         0          0          0          0          0          0   __rtentry.o
        12          0          0          0          0          0   __rtentry2.o
         8          4          0          0          0          0   __rtentry7.o
        52          8          0          0          0          0   __scatter.o
        28          0          0          0          0          0   __scatter_zi.o
        18          0          0          0          0         80   exit.o
         0          0          0          0          0          0   indicate_semi.o
         2          0          0          0          0          0   libinit.o
         6          0          0          0          0          0   libinit2.o
         2          0          0          0          0          0   libshutdown.o
         2          0          0          0          0          0   libshutdown2.o
         2          0          0          0          0          0   rtexit.o
        10          0          0          0          0          0   rtexit2.o
        12          4          0          0          0         68   sys_exit.o
         2          0          0          0          0         68   use_no_semi.o
        26          0          0          0          0        116   fpinit.o

    ----------------------------------------------------------------------
       192         16          0          0          0        400   Library Totals
         2          0          0          0          0          0   (incl. Padding)

    ----------------------------------------------------------------------

      Code (inc. data)   RO Data    RW Data    ZI Data      Debug   Library Name

       164         16          0          0          0        284   c_w.l
        26          0          0          0          0        116   fz_wm.l

    ----------------------------------------------------------------------
       192         16          0          0          0        400   Library Totals

    ----------------------------------------------------------------------

==============================================================================


      Code (inc. data)   RO Data    RW Data    ZI Data      Debug   

       756        158        592          0       3076       6898   Grand Totals
       756        158        592          0       3076       6898   ELF Image Totals
       756        158        592          0          0          0   ROM Totals

==============================================================================

    Total RO  Size (Code + RO Data)                 1348 (   1.32kB)
    Total RW  Size (RW Data + ZI Data)              3076 (   3.00kB)
    Total ROM Size (Code + RO Data + RW Data)       1348 (   1.32kB)

==============================================================================

