<html>
<body>
<pre>
<h1>µVision Build Log</h1>
<h2>Tool Versions:</h2>
IDE-Version: µVision V5.38.0.0
Copyright (C) 2022 ARM Ltd and ARM Germany GmbH. All rights reserved.
License Information: Vo Tuan, UTE, LIC=32B1Q-N92W0-2ZRW4-FTVTW-PX1RV-4PU1N
 
Tool Versions:
Toolchain:       MDK-ARM Plus  Version: 5.38.0.0
Toolchain Path:  C:\Keil_v5\ARM\ARMCLANG\Bin
C Compiler:      ArmClang.exe V6.19
Assembler:       Armasm.exe V6.19
Linker/Locator:  ArmLink.exe V6.19
Library Manager: ArmAr.exe V6.19
Hex Converter:   FromElf.exe V6.19
CPU DLL:         SARMCM3.DLL V5.38.0.0
Dialog DLL:      DCM.DLL V1.17.5.0
Target DLL:      PEMicro\Pemicro_ArmCortexInterface.dll V1.3.0.0
Dialog DLL:      TCM.DLL V1.56.4.0
 
<h2>Project:</h2>
D:\Document\keilC_file\demo_GPIO\demo.uvprojx
Project File Date:  10/04/2023

<h2>Output:</h2>
*** Using Compiler 'V6.19', folder: 'C:\Keil_v5\ARM\ARMCLANG\Bin'
Rebuild target 'Target 1'
compiling startup.c...
compiling interrupt_manager.c...
compiling main.c...
compiling pins_port_hw_access.c...
compiling pins_driver.c...
assembling startup_S32K144.S...
compiling system_S32K144.c...
compiling clock_S32K1xx.c...
linking...
Program Size: Code=756 RO-data=592 RW-data=0 ZI-data=3076  
".\Objects\demo.axf" - 0 Error(s), 0 Warning(s).

<h2>Software Packages used:</h2>

Package Vendor: ARM
                http://www.keil.com/pack/ARM.CMSIS.5.9.0.pack
                ARM.CMSIS.5.9.0
                CMSIS (Common Microcontroller Software Interface Standard)
   * Component: CORE Version: 5.6.0

Package Vendor: Keil
                http://www.keil.com/pack/Keil.S32_SDK_DFP.1.5.0.pack
                Keil.S32_SDK_DFP.1.5.0
                NXP S32 SDK S32K14x Device Support
   * Component: Clock Version: 4.0.2
   * Component: Interrupt Version: 4.0.2
   * Component: PINS Version: 4.0.2
   * Component: Startup Version: 2.0.0

<h2>Collection of Component include folders:</h2>
  ./RTE/Device/S32K144HAxxxLLx
  ./RTE/_Target_1
  C:/Users/AnhMa/AppData/Local/Arm/Packs/ARM/CMSIS/5.9.0/CMSIS/Core/Include
  C:/Users/AnhMa/AppData/Local/Arm/Packs/Keil/S32_SDK_DFP/1.5.0/platform/devices
  C:/Users/AnhMa/AppData/Local/Arm/Packs/Keil/S32_SDK_DFP/1.5.0/platform/devices/common
  C:/Users/AnhMa/AppData/Local/Arm/Packs/Keil/S32_SDK_DFP/1.5.0/platform/drivers/inc
  C:/Users/AnhMa/AppData/Local/Arm/Packs/Keil/S32_SDK_DFP/1.5.0/platform/drivers/src/clock/S32K1xx

<h2>Collection of Component Files used:</h2>

   * Component: ARM::CMSIS:CORE:5.6.0

   * Component: Keil::Device:SDK Driver:Clock:4.0.2
      Include file:  platform/drivers/inc/clock_manager.h
      Include file:  platform/drivers/src/clock/S32K1xx/clock_S32K1xx.h
      Source file:   platform/drivers/src/clock/S32K1xx/clock_S32K1xx.c

   * Component: Keil::Device:SDK Driver:Interrupt:4.0.2
      Include file:  platform/drivers/inc/interrupt_manager.h
      Source file:   platform/drivers/src/interrupt/interrupt_manager.c

   * Component: Keil::Device:SDK Driver:PINS:4.0.2
      Include file:  platform/drivers/inc/pins_driver.h
      Source file:   platform/drivers/src/pins/pins_driver.c
      Source file:   platform/drivers/src/pins/pins_port_hw_access.c

   * Component: Keil::Device:Startup:2.0.0
      Source file:   platform/devices/startup.c
      Include file:  platform/devices/device_registers.h
      Source file:   platform/devices/S32K144/startup/armc/startup_S32K144.S
      Include file:  platform/devices/S32K144/startup/system_S32K144.h
      Source file:   platform/devices/S32K144/startup/system_S32K144.c
Build Time Elapsed:  00:00:02
</pre>
</body>
</html>
