<html>
<body>
<pre>
<h1>µVision Build Log</h1>
<h2>Tool Versions:</h2>
IDE-Version: µVision V5.38.0.0
Copyright (C) 2022 ARM Ltd and ARM Germany GmbH. All rights reserved.
License Information: Vo Tuan, UTE, LIC=32B1Q-N92W0-2ZRW4-FTVTW-PX1RV-4PU1N
 
Tool Versions:
Toolchain:       MDK-ARM Plus  Version: 5.38.0.0
Toolchain Path:  C:\Keil_v5\ARM\ARM_Compiler_5.06u7\Bin
C Compiler:      Armcc.exe V5.06 update 7 (build 960)
Assembler:       Armasm.exe V5.06 update 7 (build 960)
Linker/Locator:  ArmLink.exe V5.06 update 7 (build 960)
Library Manager: ArmAr.exe V5.06 update 7 (build 960)
Hex Converter:   FromElf.exe V5.06 update 7 (build 960)
CPU DLL:         SARMCM3.DLL V5.38.0.0
Dialog DLL:      DCM.DLL V1.17.5.0
Target DLL:      STLink\ST-LINKIII-KEIL_SWO.dll V3.1.0.0
Dialog DLL:      TCM.DLL V1.56.4.0
 
<h2>Project:</h2>
D:\Document\file cube32\demo_f103\MDK-ARM\demo_f103.uvprojx
Project File Date:  10/13/2023

<h2>Output:</h2>
*** Using Compiler 'V5.06 update 7 (build 960)', folder: 'C:\Keil_v5\ARM\ARM_Compiler_5.06u7\Bin'
Build target 'demo_f103'
compiling main.c...
../Core/Src/main.c(326): warning:  #550-D: variable "err_p"  was set but never used
  	static float err_p = 0;
../Core/Src/main.c(329): warning:  #177-D: variable "dterm_f_p"  was declared but never referenced
  	static float dterm_f_p = 0;
../Core/Src/main.c(332): warning:  #177-D: variable "dterm_f"  was declared but never referenced
  	float pterm, dterm_f, dterm, iterm;
../Core/Src/main.c(332): warning:  #177-D: variable "dterm"  was declared but never referenced
  	float pterm, dterm_f, dterm, iterm;
../Core/Src/main.c(62): warning:  #177-D: variable "runtest"  was declared but never referenced
  static bool run=false, runtest=false;
../Core/Src/main.c(562): warning:  #177-D: function "MX_USART1_UART_Init"  was declared but never referenced
  static void MX_USART1_UART_Init(void)
../Core/Src/main.c: 6 warnings, 0 errors
linking...
Program Size: Code=7444 RO-data=284 RW-data=112 ZI-data=1168  
FromELF: creating hex file...
"demo_f103\demo_f103.axf" - 0 Error(s), 6 Warning(s).

<h2>Software Packages used:</h2>

Package Vendor: ARM
                http://www.keil.com/pack/ARM.CMSIS.5.9.0.pack
                ARM.CMSIS.5.9.0
                CMSIS (Common Microcontroller Software Interface Standard)
   * Component: CORE Version: 5.6.0

Package Vendor: Keil
                http://www.keil.com/pack/Keil.STM32F1xx_DFP.2.4.0.pack
                Keil.STM32F1xx_DFP.2.4.0
                STMicroelectronics STM32F1 Series Device Support, Drivers and Examples

<h2>Collection of Component include folders:</h2>
  ./RTE/_demo_f103
  C:/Users/AnhMa/AppData/Local/Arm/Packs/ARM/CMSIS/5.9.0/CMSIS/Core/Include
  C:/Users/AnhMa/AppData/Local/Arm/Packs/Keil/STM32F1xx_DFP/2.4.0/Device/Include

<h2>Collection of Component Files used:</h2>

   * Component: ARM::CMSIS:CORE:5.6.0
Build Time Elapsed:  00:00:02
</pre>
</body>
</html>
